Sequence ID,Primer Rank,Primer Left Seq,Primer Right Seq,Primer Left Len,Primer Right Len,Primer Left TM,Primer Right TM,Primer Left GC %,Primer Right GC %,Primer3 Predicted Product,Chromosome,Position1,Position2,Sample_Pos,PCR_Prod_Len,Forward,Reverse,Product GC%,ForwardPrimLen,ReversePrimLen
sample1_gene1_chr1:15000000__,1,ACCTCCACATCTTTGCTCCAG,TCTCTCTGATCTGCCAACCTTC,21,22,59.996,59.501000000000005,52.381,50.0,323,chr1,14999812,15000134,15000000,323bp,ACCTCCACATCTTTGCTCCAG,TCTCTCTGATCTGCCAACCTTC,53.86996904024768,21,22
sample1_gene1_chr1:15000000__,2,ACATCTTTGCTCCAGTTGAATGC,TTCCCTCTCTCTGATCTGCCAA,23,22,60.056999999999995,60.56100000000001,43.478,50.0,322,chr1,14999818,15000139,15000000,322bp,ACATCTTTGCTCCAGTTGAATGC,TTCCCTCTCTCTGATCTGCCAA,53.72670807453416,23,22
sample1_gene1_chr1:15000000__,4,AGTGTCAGCCTGTGGTAAGC,CTGATCTGCCAACCTTCCTCTAT,20,23,59.965,59.608999999999995,55.0,47.826,200,chr1,14999930,15000129,15000000,200bp,AGTGTCAGCCTGTGGTAAGC,CTGATCTGCCAACCTTCCTCTAT,49.5,20,23
sample2_gene2_chr2:30000000__,0,CTCAAGTCAGTAATCTTCTACCTCA,TGGTTGGTAGTAATGTTCCATCT,25,23,57.602,57.228,40.0,39.13,254,chr2,29999803,30000056,30000000,254bp,CTCAAGTCAGTAATCTTCTACCTCA,TGGTTGGTAGTAATGTTCCATCT,28.346456692913385,25,23
sample3_gene3_chr3:45000000__,0,CGAGGTGGTGGAAATCTGTGAA,TGCAGCAAAGTTCTAACAGGTT,22,22,60.55,58.713,50.0,40.909,341,chr3,44999850,45000190,45000000,341bp,CGAGGTGGTGGAAATCTGTGAA,TGCAGCAAAGTTCTAACAGGTT,39.29618768328446,22,22
sample3_gene3_chr3:45000000__,1,CAGACAGAGCCCATGTTCAAAC,AGCAAAGTTCTAACAGGTTTCCC,22,23,59.773,59.11,50.0,43.478,245,chr3,44999943,45000187,45000000,245bp,CAGACAGAGCCCATGTTCAAAC,AGCAAAGTTCTAACAGGTTTCCC,38.36734693877551,22,23
