sample1_gene1_chr1:15000000__	TCCACATCTTTGCTCCAGTTGA	CTCTGATCTGCCAACCTTCCTC
sample1_gene1_chr1:15000000__	TCCACATCTTTGCTCCAGTTGA	TCTCTCTGATCTGCCAACCTTC
sample1_gene1_chr1:15000000__	TCCACATCTTTGCTCCAGTTGA	TTCCCTCTCTCTGATCTGCCAA
sample1_gene1_chr1:15000000__	TCCACATCTTTGCTCCAGTTGA	TCCTTCCCTCTCTCTGATCTGC
sample1_gene1_chr1:15000000__	TCCACATCTTTGCTCCAGTTGA	CTGATCTGCCAACCTTCCTCTAT
sample1_gene1_chr1:15000000__	TCCACATCTTTGCTCCAGTTGA	TGGTTGGTAGTAATGTTCCATCT
sample1_gene1_chr1:15000000__	TCCACATCTTTGCTCCAGTTGA	TGCAGCAAAGTTCTAACAGGTT
sample1_gene1_chr1:15000000__	TCCACATCTTTGCTCCAGTTGA	AGCAAAGTTCTAACAGGTTTCCC
sample1_gene1_chr1:15000000__	TCCACATCTTTGCTCCAGTTGA	TGTTGTTAGTGCAGCAAAGTTCT
sample1_gene1_chr1:15000000__	TCCACATCTTTGCTCCAGTTGA	AGCAAAGCAAAGTGAAATTTCCA
sample1_gene1_chr1:15000000__	TCCACATCTTTGCTCCAGTTGA	GCAAAGCAAAGTGAAATTTCCATGA
sample1_gene1_chr1:15000000__	ACCTCCACATCTTTGCTCCAG	CTCTGATCTGCCAACCTTCCTC
sample1_gene1_chr1:15000000__	ACCTCCACATCTTTGCTCCAG	TCTCTCTGATCTGCCAACCTTC
sample1_gene1_chr1:15000000__	ACCTCCACATCTTTGCTCCAG	TTCCCTCTCTCTGATCTGCCAA
sample1_gene1_chr1:15000000__	ACCTCCACATCTTTGCTCCAG	TCCTTCCCTCTCTCTGATCTGC
sample1_gene1_chr1:15000000__	ACCTCCACATCTTTGCTCCAG	CTGATCTGCCAACCTTCCTCTAT
sample1_gene1_chr1:15000000__	ACCTCCACATCTTTGCTCCAG	TGGTTGGTAGTAATGTTCCATCT
sample1_gene1_chr1:15000000__	ACCTCCACATCTTTGCTCCAG	TGCAGCAAAGTTCTAACAGGTT
sample1_gene1_chr1:15000000__	ACCTCCACATCTTTGCTCCAG	AGCAAAGTTCTAACAGGTTTCCC
sample1_gene1_chr1:15000000__	ACCTCCACATCTTTGCTCCAG	TGTTGTTAGTGCAGCAAAGTTCT
sample1_gene1_chr1:15000000__	ACCTCCACATCTTTGCTCCAG	AGCAAAGCAAAGTGAAATTTCCA
sample1_gene1_chr1:15000000__	ACCTCCACATCTTTGCTCCAG	GCAAAGCAAAGTGAAATTTCCATGA
sample1_gene1_chr1:15000000__	ACATCTTTGCTCCAGTTGAATGC	CTCTGATCTGCCAACCTTCCTC
sample1_gene1_chr1:15000000__	ACATCTTTGCTCCAGTTGAATGC	TCTCTCTGATCTGCCAACCTTC
sample1_gene1_chr1:15000000__	ACATCTTTGCTCCAGTTGAATGC	TTCCCTCTCTCTGATCTGCCAA
sample1_gene1_chr1:15000000__	ACATCTTTGCTCCAGTTGAATGC	TCCTTCCCTCTCTCTGATCTGC
sample1_gene1_chr1:15000000__	ACATCTTTGCTCCAGTTGAATGC	CTGATCTGCCAACCTTCCTCTAT
sample1_gene1_chr1:15000000__	ACATCTTTGCTCCAGTTGAATGC	TGGTTGGTAGTAATGTTCCATCT
sample1_gene1_chr1:15000000__	ACATCTTTGCTCCAGTTGAATGC	TGCAGCAAAGTTCTAACAGGTT
sample1_gene1_chr1:15000000__	ACATCTTTGCTCCAGTTGAATGC	AGCAAAGTTCTAACAGGTTTCCC
sample1_gene1_chr1:15000000__	ACATCTTTGCTCCAGTTGAATGC	TGTTGTTAGTGCAGCAAAGTTCT
sample1_gene1_chr1:15000000__	ACATCTTTGCTCCAGTTGAATGC	AGCAAAGCAAAGTGAAATTTCCA
sample1_gene1_chr1:15000000__	ACATCTTTGCTCCAGTTGAATGC	GCAAAGCAAAGTGAAATTTCCATGA
sample1_gene1_chr1:15000000__	CCCACCTCCACATCTTTGCTC	CTCTGATCTGCCAACCTTCCTC
sample1_gene1_chr1:15000000__	CCCACCTCCACATCTTTGCTC	TCTCTCTGATCTGCCAACCTTC
sample1_gene1_chr1:15000000__	CCCACCTCCACATCTTTGCTC	TTCCCTCTCTCTGATCTGCCAA
sample1_gene1_chr1:15000000__	CCCACCTCCACATCTTTGCTC	TCCTTCCCTCTCTCTGATCTGC
sample1_gene1_chr1:15000000__	CCCACCTCCACATCTTTGCTC	CTGATCTGCCAACCTTCCTCTAT
sample1_gene1_chr1:15000000__	CCCACCTCCACATCTTTGCTC	TGGTTGGTAGTAATGTTCCATCT
sample1_gene1_chr1:15000000__	CCCACCTCCACATCTTTGCTC	TGCAGCAAAGTTCTAACAGGTT
sample1_gene1_chr1:15000000__	CCCACCTCCACATCTTTGCTC	AGCAAAGTTCTAACAGGTTTCCC
sample1_gene1_chr1:15000000__	CCCACCTCCACATCTTTGCTC	TGTTGTTAGTGCAGCAAAGTTCT
sample1_gene1_chr1:15000000__	CCCACCTCCACATCTTTGCTC	AGCAAAGCAAAGTGAAATTTCCA
sample1_gene1_chr1:15000000__	CCCACCTCCACATCTTTGCTC	GCAAAGCAAAGTGAAATTTCCATGA
sample1_gene1_chr1:15000000__	AGTGTCAGCCTGTGGTAAGC	CTCTGATCTGCCAACCTTCCTC
sample1_gene1_chr1:15000000__	AGTGTCAGCCTGTGGTAAGC	TCTCTCTGATCTGCCAACCTTC
sample1_gene1_chr1:15000000__	AGTGTCAGCCTGTGGTAAGC	TTCCCTCTCTCTGATCTGCCAA
sample1_gene1_chr1:15000000__	AGTGTCAGCCTGTGGTAAGC	TCCTTCCCTCTCTCTGATCTGC
sample1_gene1_chr1:15000000__	AGTGTCAGCCTGTGGTAAGC	CTGATCTGCCAACCTTCCTCTAT
sample1_gene1_chr1:15000000__	AGTGTCAGCCTGTGGTAAGC	TGGTTGGTAGTAATGTTCCATCT
sample1_gene1_chr1:15000000__	AGTGTCAGCCTGTGGTAAGC	TGCAGCAAAGTTCTAACAGGTT
sample1_gene1_chr1:15000000__	AGTGTCAGCCTGTGGTAAGC	AGCAAAGTTCTAACAGGTTTCCC
sample1_gene1_chr1:15000000__	AGTGTCAGCCTGTGGTAAGC	TGTTGTTAGTGCAGCAAAGTTCT
sample1_gene1_chr1:15000000__	AGTGTCAGCCTGTGGTAAGC	AGCAAAGCAAAGTGAAATTTCCA
sample1_gene1_chr1:15000000__	AGTGTCAGCCTGTGGTAAGC	GCAAAGCAAAGTGAAATTTCCATGA
sample2_gene2_chr2:30000000__	CTCAAGTCAGTAATCTTCTACCTCA	CTCTGATCTGCCAACCTTCCTC
sample2_gene2_chr2:30000000__	CTCAAGTCAGTAATCTTCTACCTCA	TCTCTCTGATCTGCCAACCTTC
sample2_gene2_chr2:30000000__	CTCAAGTCAGTAATCTTCTACCTCA	TTCCCTCTCTCTGATCTGCCAA
sample2_gene2_chr2:30000000__	CTCAAGTCAGTAATCTTCTACCTCA	TCCTTCCCTCTCTCTGATCTGC
sample2_gene2_chr2:30000000__	CTCAAGTCAGTAATCTTCTACCTCA	CTGATCTGCCAACCTTCCTCTAT
sample2_gene2_chr2:30000000__	CTCAAGTCAGTAATCTTCTACCTCA	TGGTTGGTAGTAATGTTCCATCT
sample2_gene2_chr2:30000000__	CTCAAGTCAGTAATCTTCTACCTCA	TGCAGCAAAGTTCTAACAGGTT
sample2_gene2_chr2:30000000__	CTCAAGTCAGTAATCTTCTACCTCA	AGCAAAGTTCTAACAGGTTTCCC
sample2_gene2_chr2:30000000__	CTCAAGTCAGTAATCTTCTACCTCA	TGTTGTTAGTGCAGCAAAGTTCT
sample2_gene2_chr2:30000000__	CTCAAGTCAGTAATCTTCTACCTCA	AGCAAAGCAAAGTGAAATTTCCA
sample2_gene2_chr2:30000000__	CTCAAGTCAGTAATCTTCTACCTCA	GCAAAGCAAAGTGAAATTTCCATGA
sample3_gene3_chr3:45000000__	CGAGGTGGTGGAAATCTGTGAA	CTCTGATCTGCCAACCTTCCTC
sample3_gene3_chr3:45000000__	CGAGGTGGTGGAAATCTGTGAA	TCTCTCTGATCTGCCAACCTTC
sample3_gene3_chr3:45000000__	CGAGGTGGTGGAAATCTGTGAA	TTCCCTCTCTCTGATCTGCCAA
sample3_gene3_chr3:45000000__	CGAGGTGGTGGAAATCTGTGAA	TCCTTCCCTCTCTCTGATCTGC
sample3_gene3_chr3:45000000__	CGAGGTGGTGGAAATCTGTGAA	CTGATCTGCCAACCTTCCTCTAT
sample3_gene3_chr3:45000000__	CGAGGTGGTGGAAATCTGTGAA	TGGTTGGTAGTAATGTTCCATCT
sample3_gene3_chr3:45000000__	CGAGGTGGTGGAAATCTGTGAA	TGCAGCAAAGTTCTAACAGGTT
sample3_gene3_chr3:45000000__	CGAGGTGGTGGAAATCTGTGAA	AGCAAAGTTCTAACAGGTTTCCC
sample3_gene3_chr3:45000000__	CGAGGTGGTGGAAATCTGTGAA	TGTTGTTAGTGCAGCAAAGTTCT
sample3_gene3_chr3:45000000__	CGAGGTGGTGGAAATCTGTGAA	AGCAAAGCAAAGTGAAATTTCCA
sample3_gene3_chr3:45000000__	CGAGGTGGTGGAAATCTGTGAA	GCAAAGCAAAGTGAAATTTCCATGA
sample3_gene3_chr3:45000000__	CAGACAGAGCCCATGTTCAAAC	CTCTGATCTGCCAACCTTCCTC
sample3_gene3_chr3:45000000__	CAGACAGAGCCCATGTTCAAAC	TCTCTCTGATCTGCCAACCTTC
sample3_gene3_chr3:45000000__	CAGACAGAGCCCATGTTCAAAC	TTCCCTCTCTCTGATCTGCCAA
sample3_gene3_chr3:45000000__	CAGACAGAGCCCATGTTCAAAC	TCCTTCCCTCTCTCTGATCTGC
sample3_gene3_chr3:45000000__	CAGACAGAGCCCATGTTCAAAC	CTGATCTGCCAACCTTCCTCTAT
sample3_gene3_chr3:45000000__	CAGACAGAGCCCATGTTCAAAC	TGGTTGGTAGTAATGTTCCATCT
sample3_gene3_chr3:45000000__	CAGACAGAGCCCATGTTCAAAC	TGCAGCAAAGTTCTAACAGGTT
sample3_gene3_chr3:45000000__	CAGACAGAGCCCATGTTCAAAC	AGCAAAGTTCTAACAGGTTTCCC
sample3_gene3_chr3:45000000__	CAGACAGAGCCCATGTTCAAAC	TGTTGTTAGTGCAGCAAAGTTCT
sample3_gene3_chr3:45000000__	CAGACAGAGCCCATGTTCAAAC	AGCAAAGCAAAGTGAAATTTCCA
sample3_gene3_chr3:45000000__	CAGACAGAGCCCATGTTCAAAC	GCAAAGCAAAGTGAAATTTCCATGA
sample3_gene3_chr3:45000000__	CATGTTTGAAGCGAGGTGGTG	CTCTGATCTGCCAACCTTCCTC
sample3_gene3_chr3:45000000__	CATGTTTGAAGCGAGGTGGTG	TCTCTCTGATCTGCCAACCTTC
sample3_gene3_chr3:45000000__	CATGTTTGAAGCGAGGTGGTG	TTCCCTCTCTCTGATCTGCCAA
sample3_gene3_chr3:45000000__	CATGTTTGAAGCGAGGTGGTG	TCCTTCCCTCTCTCTGATCTGC
sample3_gene3_chr3:45000000__	CATGTTTGAAGCGAGGTGGTG	CTGATCTGCCAACCTTCCTCTAT
sample3_gene3_chr3:45000000__	CATGTTTGAAGCGAGGTGGTG	TGGTTGGTAGTAATGTTCCATCT
sample3_gene3_chr3:45000000__	CATGTTTGAAGCGAGGTGGTG	TGCAGCAAAGTTCTAACAGGTT
sample3_gene3_chr3:45000000__	CATGTTTGAAGCGAGGTGGTG	AGCAAAGTTCTAACAGGTTTCCC
sample3_gene3_chr3:45000000__	CATGTTTGAAGCGAGGTGGTG	TGTTGTTAGTGCAGCAAAGTTCT
sample3_gene3_chr3:45000000__	CATGTTTGAAGCGAGGTGGTG	AGCAAAGCAAAGTGAAATTTCCA
sample3_gene3_chr3:45000000__	CATGTTTGAAGCGAGGTGGTG	GCAAAGCAAAGTGAAATTTCCATGA
sample3_gene3_chr3:45000000__	GGTGGAAATCTGTGAAGCAATCC	CTCTGATCTGCCAACCTTCCTC
sample3_gene3_chr3:45000000__	GGTGGAAATCTGTGAAGCAATCC	TCTCTCTGATCTGCCAACCTTC
sample3_gene3_chr3:45000000__	GGTGGAAATCTGTGAAGCAATCC	TTCCCTCTCTCTGATCTGCCAA
sample3_gene3_chr3:45000000__	GGTGGAAATCTGTGAAGCAATCC	TCCTTCCCTCTCTCTGATCTGC
sample3_gene3_chr3:45000000__	GGTGGAAATCTGTGAAGCAATCC	CTGATCTGCCAACCTTCCTCTAT
sample3_gene3_chr3:45000000__	GGTGGAAATCTGTGAAGCAATCC	TGGTTGGTAGTAATGTTCCATCT
sample3_gene3_chr3:45000000__	GGTGGAAATCTGTGAAGCAATCC	TGCAGCAAAGTTCTAACAGGTT
sample3_gene3_chr3:45000000__	GGTGGAAATCTGTGAAGCAATCC	AGCAAAGTTCTAACAGGTTTCCC
sample3_gene3_chr3:45000000__	GGTGGAAATCTGTGAAGCAATCC	TGTTGTTAGTGCAGCAAAGTTCT
sample3_gene3_chr3:45000000__	GGTGGAAATCTGTGAAGCAATCC	AGCAAAGCAAAGTGAAATTTCCA
sample3_gene3_chr3:45000000__	GGTGGAAATCTGTGAAGCAATCC	GCAAAGCAAAGTGAAATTTCCATGA
sample3_gene3_chr3:45000000__	GAAGCGAGGTGGTGGAAATCT	CTCTGATCTGCCAACCTTCCTC
sample3_gene3_chr3:45000000__	GAAGCGAGGTGGTGGAAATCT	TCTCTCTGATCTGCCAACCTTC
sample3_gene3_chr3:45000000__	GAAGCGAGGTGGTGGAAATCT	TTCCCTCTCTCTGATCTGCCAA
sample3_gene3_chr3:45000000__	GAAGCGAGGTGGTGGAAATCT	TCCTTCCCTCTCTCTGATCTGC
sample3_gene3_chr3:45000000__	GAAGCGAGGTGGTGGAAATCT	CTGATCTGCCAACCTTCCTCTAT
sample3_gene3_chr3:45000000__	GAAGCGAGGTGGTGGAAATCT	TGGTTGGTAGTAATGTTCCATCT
sample3_gene3_chr3:45000000__	GAAGCGAGGTGGTGGAAATCT	TGCAGCAAAGTTCTAACAGGTT
sample3_gene3_chr3:45000000__	GAAGCGAGGTGGTGGAAATCT	AGCAAAGTTCTAACAGGTTTCCC
sample3_gene3_chr3:45000000__	GAAGCGAGGTGGTGGAAATCT	TGTTGTTAGTGCAGCAAAGTTCT
sample3_gene3_chr3:45000000__	GAAGCGAGGTGGTGGAAATCT	AGCAAAGCAAAGTGAAATTTCCA
sample3_gene3_chr3:45000000__	GAAGCGAGGTGGTGGAAATCT	GCAAAGCAAAGTGAAATTTCCATGA
sample1_gene1_chr1:15000000__	CTCTGATCTGCCAACCTTCCTC	TCCACATCTTTGCTCCAGTTGA
sample1_gene1_chr1:15000000__	CTCTGATCTGCCAACCTTCCTC	ACCTCCACATCTTTGCTCCAG
sample1_gene1_chr1:15000000__	CTCTGATCTGCCAACCTTCCTC	ACATCTTTGCTCCAGTTGAATGC
sample1_gene1_chr1:15000000__	CTCTGATCTGCCAACCTTCCTC	CCCACCTCCACATCTTTGCTC
sample1_gene1_chr1:15000000__	CTCTGATCTGCCAACCTTCCTC	AGTGTCAGCCTGTGGTAAGC
sample1_gene1_chr1:15000000__	CTCTGATCTGCCAACCTTCCTC	CTCAAGTCAGTAATCTTCTACCTCA
sample1_gene1_chr1:15000000__	CTCTGATCTGCCAACCTTCCTC	CGAGGTGGTGGAAATCTGTGAA
sample1_gene1_chr1:15000000__	CTCTGATCTGCCAACCTTCCTC	CAGACAGAGCCCATGTTCAAAC
sample1_gene1_chr1:15000000__	CTCTGATCTGCCAACCTTCCTC	CATGTTTGAAGCGAGGTGGTG
sample1_gene1_chr1:15000000__	CTCTGATCTGCCAACCTTCCTC	GGTGGAAATCTGTGAAGCAATCC
sample1_gene1_chr1:15000000__	CTCTGATCTGCCAACCTTCCTC	GAAGCGAGGTGGTGGAAATCT
sample1_gene1_chr1:15000000__	TCTCTCTGATCTGCCAACCTTC	TCCACATCTTTGCTCCAGTTGA
sample1_gene1_chr1:15000000__	TCTCTCTGATCTGCCAACCTTC	ACCTCCACATCTTTGCTCCAG
sample1_gene1_chr1:15000000__	TCTCTCTGATCTGCCAACCTTC	ACATCTTTGCTCCAGTTGAATGC
sample1_gene1_chr1:15000000__	TCTCTCTGATCTGCCAACCTTC	CCCACCTCCACATCTTTGCTC
sample1_gene1_chr1:15000000__	TCTCTCTGATCTGCCAACCTTC	AGTGTCAGCCTGTGGTAAGC
sample1_gene1_chr1:15000000__	TCTCTCTGATCTGCCAACCTTC	CTCAAGTCAGTAATCTTCTACCTCA
sample1_gene1_chr1:15000000__	TCTCTCTGATCTGCCAACCTTC	CGAGGTGGTGGAAATCTGTGAA
sample1_gene1_chr1:15000000__	TCTCTCTGATCTGCCAACCTTC	CAGACAGAGCCCATGTTCAAAC
sample1_gene1_chr1:15000000__	TCTCTCTGATCTGCCAACCTTC	CATGTTTGAAGCGAGGTGGTG
sample1_gene1_chr1:15000000__	TCTCTCTGATCTGCCAACCTTC	GGTGGAAATCTGTGAAGCAATCC
sample1_gene1_chr1:15000000__	TCTCTCTGATCTGCCAACCTTC	GAAGCGAGGTGGTGGAAATCT
sample1_gene1_chr1:15000000__	TTCCCTCTCTCTGATCTGCCAA	TCCACATCTTTGCTCCAGTTGA
sample1_gene1_chr1:15000000__	TTCCCTCTCTCTGATCTGCCAA	ACCTCCACATCTTTGCTCCAG
sample1_gene1_chr1:15000000__	TTCCCTCTCTCTGATCTGCCAA	ACATCTTTGCTCCAGTTGAATGC
sample1_gene1_chr1:15000000__	TTCCCTCTCTCTGATCTGCCAA	CCCACCTCCACATCTTTGCTC
sample1_gene1_chr1:15000000__	TTCCCTCTCTCTGATCTGCCAA	AGTGTCAGCCTGTGGTAAGC
sample1_gene1_chr1:15000000__	TTCCCTCTCTCTGATCTGCCAA	CTCAAGTCAGTAATCTTCTACCTCA
sample1_gene1_chr1:15000000__	TTCCCTCTCTCTGATCTGCCAA	CGAGGTGGTGGAAATCTGTGAA
sample1_gene1_chr1:15000000__	TTCCCTCTCTCTGATCTGCCAA	CAGACAGAGCCCATGTTCAAAC
sample1_gene1_chr1:15000000__	TTCCCTCTCTCTGATCTGCCAA	CATGTTTGAAGCGAGGTGGTG
sample1_gene1_chr1:15000000__	TTCCCTCTCTCTGATCTGCCAA	GGTGGAAATCTGTGAAGCAATCC
sample1_gene1_chr1:15000000__	TTCCCTCTCTCTGATCTGCCAA	GAAGCGAGGTGGTGGAAATCT
sample1_gene1_chr1:15000000__	TCCTTCCCTCTCTCTGATCTGC	TCCACATCTTTGCTCCAGTTGA
sample1_gene1_chr1:15000000__	TCCTTCCCTCTCTCTGATCTGC	ACCTCCACATCTTTGCTCCAG
sample1_gene1_chr1:15000000__	TCCTTCCCTCTCTCTGATCTGC	ACATCTTTGCTCCAGTTGAATGC
sample1_gene1_chr1:15000000__	TCCTTCCCTCTCTCTGATCTGC	CCCACCTCCACATCTTTGCTC
sample1_gene1_chr1:15000000__	TCCTTCCCTCTCTCTGATCTGC	AGTGTCAGCCTGTGGTAAGC
sample1_gene1_chr1:15000000__	TCCTTCCCTCTCTCTGATCTGC	CTCAAGTCAGTAATCTTCTACCTCA
sample1_gene1_chr1:15000000__	TCCTTCCCTCTCTCTGATCTGC	CGAGGTGGTGGAAATCTGTGAA
sample1_gene1_chr1:15000000__	TCCTTCCCTCTCTCTGATCTGC	CAGACAGAGCCCATGTTCAAAC
sample1_gene1_chr1:15000000__	TCCTTCCCTCTCTCTGATCTGC	CATGTTTGAAGCGAGGTGGTG
sample1_gene1_chr1:15000000__	TCCTTCCCTCTCTCTGATCTGC	GGTGGAAATCTGTGAAGCAATCC
sample1_gene1_chr1:15000000__	TCCTTCCCTCTCTCTGATCTGC	GAAGCGAGGTGGTGGAAATCT
sample1_gene1_chr1:15000000__	CTGATCTGCCAACCTTCCTCTAT	TCCACATCTTTGCTCCAGTTGA
sample1_gene1_chr1:15000000__	CTGATCTGCCAACCTTCCTCTAT	ACCTCCACATCTTTGCTCCAG
sample1_gene1_chr1:15000000__	CTGATCTGCCAACCTTCCTCTAT	ACATCTTTGCTCCAGTTGAATGC
sample1_gene1_chr1:15000000__	CTGATCTGCCAACCTTCCTCTAT	CCCACCTCCACATCTTTGCTC
sample1_gene1_chr1:15000000__	CTGATCTGCCAACCTTCCTCTAT	AGTGTCAGCCTGTGGTAAGC
sample1_gene1_chr1:15000000__	CTGATCTGCCAACCTTCCTCTAT	CTCAAGTCAGTAATCTTCTACCTCA
sample1_gene1_chr1:15000000__	CTGATCTGCCAACCTTCCTCTAT	CGAGGTGGTGGAAATCTGTGAA
sample1_gene1_chr1:15000000__	CTGATCTGCCAACCTTCCTCTAT	CAGACAGAGCCCATGTTCAAAC
sample1_gene1_chr1:15000000__	CTGATCTGCCAACCTTCCTCTAT	CATGTTTGAAGCGAGGTGGTG
sample1_gene1_chr1:15000000__	CTGATCTGCCAACCTTCCTCTAT	GGTGGAAATCTGTGAAGCAATCC
sample1_gene1_chr1:15000000__	CTGATCTGCCAACCTTCCTCTAT	GAAGCGAGGTGGTGGAAATCT
sample2_gene2_chr2:30000000__	TGGTTGGTAGTAATGTTCCATCT	TCCACATCTTTGCTCCAGTTGA
sample2_gene2_chr2:30000000__	TGGTTGGTAGTAATGTTCCATCT	ACCTCCACATCTTTGCTCCAG
sample2_gene2_chr2:30000000__	TGGTTGGTAGTAATGTTCCATCT	ACATCTTTGCTCCAGTTGAATGC
sample2_gene2_chr2:30000000__	TGGTTGGTAGTAATGTTCCATCT	CCCACCTCCACATCTTTGCTC
sample2_gene2_chr2:30000000__	TGGTTGGTAGTAATGTTCCATCT	AGTGTCAGCCTGTGGTAAGC
sample2_gene2_chr2:30000000__	TGGTTGGTAGTAATGTTCCATCT	CTCAAGTCAGTAATCTTCTACCTCA
sample2_gene2_chr2:30000000__	TGGTTGGTAGTAATGTTCCATCT	CGAGGTGGTGGAAATCTGTGAA
sample2_gene2_chr2:30000000__	TGGTTGGTAGTAATGTTCCATCT	CAGACAGAGCCCATGTTCAAAC
sample2_gene2_chr2:30000000__	TGGTTGGTAGTAATGTTCCATCT	CATGTTTGAAGCGAGGTGGTG
sample2_gene2_chr2:30000000__	TGGTTGGTAGTAATGTTCCATCT	GGTGGAAATCTGTGAAGCAATCC
sample2_gene2_chr2:30000000__	TGGTTGGTAGTAATGTTCCATCT	GAAGCGAGGTGGTGGAAATCT
sample3_gene3_chr3:45000000__	TGCAGCAAAGTTCTAACAGGTT	TCCACATCTTTGCTCCAGTTGA
sample3_gene3_chr3:45000000__	TGCAGCAAAGTTCTAACAGGTT	ACCTCCACATCTTTGCTCCAG
sample3_gene3_chr3:45000000__	TGCAGCAAAGTTCTAACAGGTT	ACATCTTTGCTCCAGTTGAATGC
sample3_gene3_chr3:45000000__	TGCAGCAAAGTTCTAACAGGTT	CCCACCTCCACATCTTTGCTC
sample3_gene3_chr3:45000000__	TGCAGCAAAGTTCTAACAGGTT	AGTGTCAGCCTGTGGTAAGC
sample3_gene3_chr3:45000000__	TGCAGCAAAGTTCTAACAGGTT	CTCAAGTCAGTAATCTTCTACCTCA
sample3_gene3_chr3:45000000__	TGCAGCAAAGTTCTAACAGGTT	CGAGGTGGTGGAAATCTGTGAA
sample3_gene3_chr3:45000000__	TGCAGCAAAGTTCTAACAGGTT	CAGACAGAGCCCATGTTCAAAC
sample3_gene3_chr3:45000000__	TGCAGCAAAGTTCTAACAGGTT	CATGTTTGAAGCGAGGTGGTG
sample3_gene3_chr3:45000000__	TGCAGCAAAGTTCTAACAGGTT	GGTGGAAATCTGTGAAGCAATCC
sample3_gene3_chr3:45000000__	TGCAGCAAAGTTCTAACAGGTT	GAAGCGAGGTGGTGGAAATCT
sample3_gene3_chr3:45000000__	AGCAAAGTTCTAACAGGTTTCCC	TCCACATCTTTGCTCCAGTTGA
sample3_gene3_chr3:45000000__	AGCAAAGTTCTAACAGGTTTCCC	ACCTCCACATCTTTGCTCCAG
sample3_gene3_chr3:45000000__	AGCAAAGTTCTAACAGGTTTCCC	ACATCTTTGCTCCAGTTGAATGC
sample3_gene3_chr3:45000000__	AGCAAAGTTCTAACAGGTTTCCC	CCCACCTCCACATCTTTGCTC
sample3_gene3_chr3:45000000__	AGCAAAGTTCTAACAGGTTTCCC	AGTGTCAGCCTGTGGTAAGC
sample3_gene3_chr3:45000000__	AGCAAAGTTCTAACAGGTTTCCC	CTCAAGTCAGTAATCTTCTACCTCA
sample3_gene3_chr3:45000000__	AGCAAAGTTCTAACAGGTTTCCC	CGAGGTGGTGGAAATCTGTGAA
sample3_gene3_chr3:45000000__	AGCAAAGTTCTAACAGGTTTCCC	CAGACAGAGCCCATGTTCAAAC
sample3_gene3_chr3:45000000__	AGCAAAGTTCTAACAGGTTTCCC	CATGTTTGAAGCGAGGTGGTG
sample3_gene3_chr3:45000000__	AGCAAAGTTCTAACAGGTTTCCC	GGTGGAAATCTGTGAAGCAATCC
sample3_gene3_chr3:45000000__	AGCAAAGTTCTAACAGGTTTCCC	GAAGCGAGGTGGTGGAAATCT
sample3_gene3_chr3:45000000__	TGTTGTTAGTGCAGCAAAGTTCT	TCCACATCTTTGCTCCAGTTGA
sample3_gene3_chr3:45000000__	TGTTGTTAGTGCAGCAAAGTTCT	ACCTCCACATCTTTGCTCCAG
sample3_gene3_chr3:45000000__	TGTTGTTAGTGCAGCAAAGTTCT	ACATCTTTGCTCCAGTTGAATGC
sample3_gene3_chr3:45000000__	TGTTGTTAGTGCAGCAAAGTTCT	CCCACCTCCACATCTTTGCTC
sample3_gene3_chr3:45000000__	TGTTGTTAGTGCAGCAAAGTTCT	AGTGTCAGCCTGTGGTAAGC
sample3_gene3_chr3:45000000__	TGTTGTTAGTGCAGCAAAGTTCT	CTCAAGTCAGTAATCTTCTACCTCA
sample3_gene3_chr3:45000000__	TGTTGTTAGTGCAGCAAAGTTCT	CGAGGTGGTGGAAATCTGTGAA
sample3_gene3_chr3:45000000__	TGTTGTTAGTGCAGCAAAGTTCT	CAGACAGAGCCCATGTTCAAAC
sample3_gene3_chr3:45000000__	TGTTGTTAGTGCAGCAAAGTTCT	CATGTTTGAAGCGAGGTGGTG
sample3_gene3_chr3:45000000__	TGTTGTTAGTGCAGCAAAGTTCT	GGTGGAAATCTGTGAAGCAATCC
sample3_gene3_chr3:45000000__	TGTTGTTAGTGCAGCAAAGTTCT	GAAGCGAGGTGGTGGAAATCT
sample3_gene3_chr3:45000000__	AGCAAAGCAAAGTGAAATTTCCA	TCCACATCTTTGCTCCAGTTGA
sample3_gene3_chr3:45000000__	AGCAAAGCAAAGTGAAATTTCCA	ACCTCCACATCTTTGCTCCAG
sample3_gene3_chr3:45000000__	AGCAAAGCAAAGTGAAATTTCCA	ACATCTTTGCTCCAGTTGAATGC
sample3_gene3_chr3:45000000__	AGCAAAGCAAAGTGAAATTTCCA	CCCACCTCCACATCTTTGCTC
sample3_gene3_chr3:45000000__	AGCAAAGCAAAGTGAAATTTCCA	AGTGTCAGCCTGTGGTAAGC
sample3_gene3_chr3:45000000__	AGCAAAGCAAAGTGAAATTTCCA	CTCAAGTCAGTAATCTTCTACCTCA
sample3_gene3_chr3:45000000__	AGCAAAGCAAAGTGAAATTTCCA	CGAGGTGGTGGAAATCTGTGAA
sample3_gene3_chr3:45000000__	AGCAAAGCAAAGTGAAATTTCCA	CAGACAGAGCCCATGTTCAAAC
sample3_gene3_chr3:45000000__	AGCAAAGCAAAGTGAAATTTCCA	CATGTTTGAAGCGAGGTGGTG
sample3_gene3_chr3:45000000__	AGCAAAGCAAAGTGAAATTTCCA	GGTGGAAATCTGTGAAGCAATCC
sample3_gene3_chr3:45000000__	AGCAAAGCAAAGTGAAATTTCCA	GAAGCGAGGTGGTGGAAATCT
sample3_gene3_chr3:45000000__	GCAAAGCAAAGTGAAATTTCCATGA	TCCACATCTTTGCTCCAGTTGA
sample3_gene3_chr3:45000000__	GCAAAGCAAAGTGAAATTTCCATGA	ACCTCCACATCTTTGCTCCAG
sample3_gene3_chr3:45000000__	GCAAAGCAAAGTGAAATTTCCATGA	ACATCTTTGCTCCAGTTGAATGC
sample3_gene3_chr3:45000000__	GCAAAGCAAAGTGAAATTTCCATGA	CCCACCTCCACATCTTTGCTC
sample3_gene3_chr3:45000000__	GCAAAGCAAAGTGAAATTTCCATGA	AGTGTCAGCCTGTGGTAAGC
sample3_gene3_chr3:45000000__	GCAAAGCAAAGTGAAATTTCCATGA	CTCAAGTCAGTAATCTTCTACCTCA
sample3_gene3_chr3:45000000__	GCAAAGCAAAGTGAAATTTCCATGA	CGAGGTGGTGGAAATCTGTGAA
sample3_gene3_chr3:45000000__	GCAAAGCAAAGTGAAATTTCCATGA	CAGACAGAGCCCATGTTCAAAC
sample3_gene3_chr3:45000000__	GCAAAGCAAAGTGAAATTTCCATGA	CATGTTTGAAGCGAGGTGGTG
sample3_gene3_chr3:45000000__	GCAAAGCAAAGTGAAATTTCCATGA	GGTGGAAATCTGTGAAGCAATCC
sample3_gene3_chr3:45000000__	GCAAAGCAAAGTGAAATTTCCATGA	GAAGCGAGGTGGTGGAAATCT
sample1_gene1_chr1:15000000__	TCCACATCTTTGCTCCAGTTGA	TCCACATCTTTGCTCCAGTTGA
sample1_gene1_chr1:15000000__	TCCACATCTTTGCTCCAGTTGA	ACCTCCACATCTTTGCTCCAG
sample1_gene1_chr1:15000000__	TCCACATCTTTGCTCCAGTTGA	ACATCTTTGCTCCAGTTGAATGC
sample1_gene1_chr1:15000000__	TCCACATCTTTGCTCCAGTTGA	CCCACCTCCACATCTTTGCTC
sample1_gene1_chr1:15000000__	TCCACATCTTTGCTCCAGTTGA	AGTGTCAGCCTGTGGTAAGC
sample1_gene1_chr1:15000000__	TCCACATCTTTGCTCCAGTTGA	CTCAAGTCAGTAATCTTCTACCTCA
sample1_gene1_chr1:15000000__	TCCACATCTTTGCTCCAGTTGA	CGAGGTGGTGGAAATCTGTGAA
sample1_gene1_chr1:15000000__	TCCACATCTTTGCTCCAGTTGA	CAGACAGAGCCCATGTTCAAAC
sample1_gene1_chr1:15000000__	TCCACATCTTTGCTCCAGTTGA	CATGTTTGAAGCGAGGTGGTG
sample1_gene1_chr1:15000000__	TCCACATCTTTGCTCCAGTTGA	GGTGGAAATCTGTGAAGCAATCC
sample1_gene1_chr1:15000000__	TCCACATCTTTGCTCCAGTTGA	GAAGCGAGGTGGTGGAAATCT
sample1_gene1_chr1:15000000__	ACCTCCACATCTTTGCTCCAG	TCCACATCTTTGCTCCAGTTGA
sample1_gene1_chr1:15000000__	ACCTCCACATCTTTGCTCCAG	ACCTCCACATCTTTGCTCCAG
sample1_gene1_chr1:15000000__	ACCTCCACATCTTTGCTCCAG	ACATCTTTGCTCCAGTTGAATGC
sample1_gene1_chr1:15000000__	ACCTCCACATCTTTGCTCCAG	CCCACCTCCACATCTTTGCTC
sample1_gene1_chr1:15000000__	ACCTCCACATCTTTGCTCCAG	AGTGTCAGCCTGTGGTAAGC
sample1_gene1_chr1:15000000__	ACCTCCACATCTTTGCTCCAG	CTCAAGTCAGTAATCTTCTACCTCA
sample1_gene1_chr1:15000000__	ACCTCCACATCTTTGCTCCAG	CGAGGTGGTGGAAATCTGTGAA
sample1_gene1_chr1:15000000__	ACCTCCACATCTTTGCTCCAG	CAGACAGAGCCCATGTTCAAAC
sample1_gene1_chr1:15000000__	ACCTCCACATCTTTGCTCCAG	CATGTTTGAAGCGAGGTGGTG
sample1_gene1_chr1:15000000__	ACCTCCACATCTTTGCTCCAG	GGTGGAAATCTGTGAAGCAATCC
sample1_gene1_chr1:15000000__	ACCTCCACATCTTTGCTCCAG	GAAGCGAGGTGGTGGAAATCT
sample1_gene1_chr1:15000000__	ACATCTTTGCTCCAGTTGAATGC	TCCACATCTTTGCTCCAGTTGA
sample1_gene1_chr1:15000000__	ACATCTTTGCTCCAGTTGAATGC	ACCTCCACATCTTTGCTCCAG
sample1_gene1_chr1:15000000__	ACATCTTTGCTCCAGTTGAATGC	ACATCTTTGCTCCAGTTGAATGC
sample1_gene1_chr1:15000000__	ACATCTTTGCTCCAGTTGAATGC	CCCACCTCCACATCTTTGCTC
sample1_gene1_chr1:15000000__	ACATCTTTGCTCCAGTTGAATGC	AGTGTCAGCCTGTGGTAAGC
sample1_gene1_chr1:15000000__	ACATCTTTGCTCCAGTTGAATGC	CTCAAGTCAGTAATCTTCTACCTCA
sample1_gene1_chr1:15000000__	ACATCTTTGCTCCAGTTGAATGC	CGAGGTGGTGGAAATCTGTGAA
sample1_gene1_chr1:15000000__	ACATCTTTGCTCCAGTTGAATGC	CAGACAGAGCCCATGTTCAAAC
sample1_gene1_chr1:15000000__	ACATCTTTGCTCCAGTTGAATGC	CATGTTTGAAGCGAGGTGGTG
sample1_gene1_chr1:15000000__	ACATCTTTGCTCCAGTTGAATGC	GGTGGAAATCTGTGAAGCAATCC
sample1_gene1_chr1:15000000__	ACATCTTTGCTCCAGTTGAATGC	GAAGCGAGGTGGTGGAAATCT
sample1_gene1_chr1:15000000__	CCCACCTCCACATCTTTGCTC	TCCACATCTTTGCTCCAGTTGA
sample1_gene1_chr1:15000000__	CCCACCTCCACATCTTTGCTC	ACCTCCACATCTTTGCTCCAG
sample1_gene1_chr1:15000000__	CCCACCTCCACATCTTTGCTC	ACATCTTTGCTCCAGTTGAATGC
sample1_gene1_chr1:15000000__	CCCACCTCCACATCTTTGCTC	CCCACCTCCACATCTTTGCTC
sample1_gene1_chr1:15000000__	CCCACCTCCACATCTTTGCTC	AGTGTCAGCCTGTGGTAAGC
sample1_gene1_chr1:15000000__	CCCACCTCCACATCTTTGCTC	CTCAAGTCAGTAATCTTCTACCTCA
sample1_gene1_chr1:15000000__	CCCACCTCCACATCTTTGCTC	CGAGGTGGTGGAAATCTGTGAA
sample1_gene1_chr1:15000000__	CCCACCTCCACATCTTTGCTC	CAGACAGAGCCCATGTTCAAAC
sample1_gene1_chr1:15000000__	CCCACCTCCACATCTTTGCTC	CATGTTTGAAGCGAGGTGGTG
sample1_gene1_chr1:15000000__	CCCACCTCCACATCTTTGCTC	GGTGGAAATCTGTGAAGCAATCC
sample1_gene1_chr1:15000000__	CCCACCTCCACATCTTTGCTC	GAAGCGAGGTGGTGGAAATCT
sample1_gene1_chr1:15000000__	AGTGTCAGCCTGTGGTAAGC	TCCACATCTTTGCTCCAGTTGA
sample1_gene1_chr1:15000000__	AGTGTCAGCCTGTGGTAAGC	ACCTCCACATCTTTGCTCCAG
sample1_gene1_chr1:15000000__	AGTGTCAGCCTGTGGTAAGC	ACATCTTTGCTCCAGTTGAATGC
sample1_gene1_chr1:15000000__	AGTGTCAGCCTGTGGTAAGC	CCCACCTCCACATCTTTGCTC
sample1_gene1_chr1:15000000__	AGTGTCAGCCTGTGGTAAGC	AGTGTCAGCCTGTGGTAAGC
sample1_gene1_chr1:15000000__	AGTGTCAGCCTGTGGTAAGC	CTCAAGTCAGTAATCTTCTACCTCA
sample1_gene1_chr1:15000000__	AGTGTCAGCCTGTGGTAAGC	CGAGGTGGTGGAAATCTGTGAA
sample1_gene1_chr1:15000000__	AGTGTCAGCCTGTGGTAAGC	CAGACAGAGCCCATGTTCAAAC
sample1_gene1_chr1:15000000__	AGTGTCAGCCTGTGGTAAGC	CATGTTTGAAGCGAGGTGGTG
sample1_gene1_chr1:15000000__	AGTGTCAGCCTGTGGTAAGC	GGTGGAAATCTGTGAAGCAATCC
sample1_gene1_chr1:15000000__	AGTGTCAGCCTGTGGTAAGC	GAAGCGAGGTGGTGGAAATCT
sample2_gene2_chr2:30000000__	CTCAAGTCAGTAATCTTCTACCTCA	TCCACATCTTTGCTCCAGTTGA
sample2_gene2_chr2:30000000__	CTCAAGTCAGTAATCTTCTACCTCA	ACCTCCACATCTTTGCTCCAG
sample2_gene2_chr2:30000000__	CTCAAGTCAGTAATCTTCTACCTCA	ACATCTTTGCTCCAGTTGAATGC
sample2_gene2_chr2:30000000__	CTCAAGTCAGTAATCTTCTACCTCA	CCCACCTCCACATCTTTGCTC
sample2_gene2_chr2:30000000__	CTCAAGTCAGTAATCTTCTACCTCA	AGTGTCAGCCTGTGGTAAGC
sample2_gene2_chr2:30000000__	CTCAAGTCAGTAATCTTCTACCTCA	CTCAAGTCAGTAATCTTCTACCTCA
sample2_gene2_chr2:30000000__	CTCAAGTCAGTAATCTTCTACCTCA	CGAGGTGGTGGAAATCTGTGAA
sample2_gene2_chr2:30000000__	CTCAAGTCAGTAATCTTCTACCTCA	CAGACAGAGCCCATGTTCAAAC
sample2_gene2_chr2:30000000__	CTCAAGTCAGTAATCTTCTACCTCA	CATGTTTGAAGCGAGGTGGTG
sample2_gene2_chr2:30000000__	CTCAAGTCAGTAATCTTCTACCTCA	GGTGGAAATCTGTGAAGCAATCC
sample2_gene2_chr2:30000000__	CTCAAGTCAGTAATCTTCTACCTCA	GAAGCGAGGTGGTGGAAATCT
sample3_gene3_chr3:45000000__	CGAGGTGGTGGAAATCTGTGAA	TCCACATCTTTGCTCCAGTTGA
sample3_gene3_chr3:45000000__	CGAGGTGGTGGAAATCTGTGAA	ACCTCCACATCTTTGCTCCAG
sample3_gene3_chr3:45000000__	CGAGGTGGTGGAAATCTGTGAA	ACATCTTTGCTCCAGTTGAATGC
sample3_gene3_chr3:45000000__	CGAGGTGGTGGAAATCTGTGAA	CCCACCTCCACATCTTTGCTC
sample3_gene3_chr3:45000000__	CGAGGTGGTGGAAATCTGTGAA	AGTGTCAGCCTGTGGTAAGC
sample3_gene3_chr3:45000000__	CGAGGTGGTGGAAATCTGTGAA	CTCAAGTCAGTAATCTTCTACCTCA
sample3_gene3_chr3:45000000__	CGAGGTGGTGGAAATCTGTGAA	CGAGGTGGTGGAAATCTGTGAA
sample3_gene3_chr3:45000000__	CGAGGTGGTGGAAATCTGTGAA	CAGACAGAGCCCATGTTCAAAC
sample3_gene3_chr3:45000000__	CGAGGTGGTGGAAATCTGTGAA	CATGTTTGAAGCGAGGTGGTG
sample3_gene3_chr3:45000000__	CGAGGTGGTGGAAATCTGTGAA	GGTGGAAATCTGTGAAGCAATCC
sample3_gene3_chr3:45000000__	CGAGGTGGTGGAAATCTGTGAA	GAAGCGAGGTGGTGGAAATCT
sample3_gene3_chr3:45000000__	CAGACAGAGCCCATGTTCAAAC	TCCACATCTTTGCTCCAGTTGA
sample3_gene3_chr3:45000000__	CAGACAGAGCCCATGTTCAAAC	ACCTCCACATCTTTGCTCCAG
sample3_gene3_chr3:45000000__	CAGACAGAGCCCATGTTCAAAC	ACATCTTTGCTCCAGTTGAATGC
sample3_gene3_chr3:45000000__	CAGACAGAGCCCATGTTCAAAC	CCCACCTCCACATCTTTGCTC
sample3_gene3_chr3:45000000__	CAGACAGAGCCCATGTTCAAAC	AGTGTCAGCCTGTGGTAAGC
sample3_gene3_chr3:45000000__	CAGACAGAGCCCATGTTCAAAC	CTCAAGTCAGTAATCTTCTACCTCA
sample3_gene3_chr3:45000000__	CAGACAGAGCCCATGTTCAAAC	CGAGGTGGTGGAAATCTGTGAA
sample3_gene3_chr3:45000000__	CAGACAGAGCCCATGTTCAAAC	CAGACAGAGCCCATGTTCAAAC
sample3_gene3_chr3:45000000__	CAGACAGAGCCCATGTTCAAAC	CATGTTTGAAGCGAGGTGGTG
sample3_gene3_chr3:45000000__	CAGACAGAGCCCATGTTCAAAC	GGTGGAAATCTGTGAAGCAATCC
sample3_gene3_chr3:45000000__	CAGACAGAGCCCATGTTCAAAC	GAAGCGAGGTGGTGGAAATCT
sample3_gene3_chr3:45000000__	CATGTTTGAAGCGAGGTGGTG	TCCACATCTTTGCTCCAGTTGA
sample3_gene3_chr3:45000000__	CATGTTTGAAGCGAGGTGGTG	ACCTCCACATCTTTGCTCCAG
sample3_gene3_chr3:45000000__	CATGTTTGAAGCGAGGTGGTG	ACATCTTTGCTCCAGTTGAATGC
sample3_gene3_chr3:45000000__	CATGTTTGAAGCGAGGTGGTG	CCCACCTCCACATCTTTGCTC
sample3_gene3_chr3:45000000__	CATGTTTGAAGCGAGGTGGTG	AGTGTCAGCCTGTGGTAAGC
sample3_gene3_chr3:45000000__	CATGTTTGAAGCGAGGTGGTG	CTCAAGTCAGTAATCTTCTACCTCA
sample3_gene3_chr3:45000000__	CATGTTTGAAGCGAGGTGGTG	CGAGGTGGTGGAAATCTGTGAA
sample3_gene3_chr3:45000000__	CATGTTTGAAGCGAGGTGGTG	CAGACAGAGCCCATGTTCAAAC
sample3_gene3_chr3:45000000__	CATGTTTGAAGCGAGGTGGTG	CATGTTTGAAGCGAGGTGGTG
sample3_gene3_chr3:45000000__	CATGTTTGAAGCGAGGTGGTG	GGTGGAAATCTGTGAAGCAATCC
sample3_gene3_chr3:45000000__	CATGTTTGAAGCGAGGTGGTG	GAAGCGAGGTGGTGGAAATCT
sample3_gene3_chr3:45000000__	GGTGGAAATCTGTGAAGCAATCC	TCCACATCTTTGCTCCAGTTGA
sample3_gene3_chr3:45000000__	GGTGGAAATCTGTGAAGCAATCC	ACCTCCACATCTTTGCTCCAG
sample3_gene3_chr3:45000000__	GGTGGAAATCTGTGAAGCAATCC	ACATCTTTGCTCCAGTTGAATGC
sample3_gene3_chr3:45000000__	GGTGGAAATCTGTGAAGCAATCC	CCCACCTCCACATCTTTGCTC
sample3_gene3_chr3:45000000__	GGTGGAAATCTGTGAAGCAATCC	AGTGTCAGCCTGTGGTAAGC
sample3_gene3_chr3:45000000__	GGTGGAAATCTGTGAAGCAATCC	CTCAAGTCAGTAATCTTCTACCTCA
sample3_gene3_chr3:45000000__	GGTGGAAATCTGTGAAGCAATCC	CGAGGTGGTGGAAATCTGTGAA
sample3_gene3_chr3:45000000__	GGTGGAAATCTGTGAAGCAATCC	CAGACAGAGCCCATGTTCAAAC
sample3_gene3_chr3:45000000__	GGTGGAAATCTGTGAAGCAATCC	CATGTTTGAAGCGAGGTGGTG
sample3_gene3_chr3:45000000__	GGTGGAAATCTGTGAAGCAATCC	GGTGGAAATCTGTGAAGCAATCC
sample3_gene3_chr3:45000000__	GGTGGAAATCTGTGAAGCAATCC	GAAGCGAGGTGGTGGAAATCT
sample3_gene3_chr3:45000000__	GAAGCGAGGTGGTGGAAATCT	TCCACATCTTTGCTCCAGTTGA
sample3_gene3_chr3:45000000__	GAAGCGAGGTGGTGGAAATCT	ACCTCCACATCTTTGCTCCAG
sample3_gene3_chr3:45000000__	GAAGCGAGGTGGTGGAAATCT	ACATCTTTGCTCCAGTTGAATGC
sample3_gene3_chr3:45000000__	GAAGCGAGGTGGTGGAAATCT	CCCACCTCCACATCTTTGCTC
sample3_gene3_chr3:45000000__	GAAGCGAGGTGGTGGAAATCT	AGTGTCAGCCTGTGGTAAGC
sample3_gene3_chr3:45000000__	GAAGCGAGGTGGTGGAAATCT	CTCAAGTCAGTAATCTTCTACCTCA
sample3_gene3_chr3:45000000__	GAAGCGAGGTGGTGGAAATCT	CGAGGTGGTGGAAATCTGTGAA
sample3_gene3_chr3:45000000__	GAAGCGAGGTGGTGGAAATCT	CAGACAGAGCCCATGTTCAAAC
sample3_gene3_chr3:45000000__	GAAGCGAGGTGGTGGAAATCT	CATGTTTGAAGCGAGGTGGTG
sample3_gene3_chr3:45000000__	GAAGCGAGGTGGTGGAAATCT	GGTGGAAATCTGTGAAGCAATCC
sample3_gene3_chr3:45000000__	GAAGCGAGGTGGTGGAAATCT	GAAGCGAGGTGGTGGAAATCT
sample1_gene1_chr1:15000000__	CTCTGATCTGCCAACCTTCCTC	CTCTGATCTGCCAACCTTCCTC
sample1_gene1_chr1:15000000__	CTCTGATCTGCCAACCTTCCTC	TCTCTCTGATCTGCCAACCTTC
sample1_gene1_chr1:15000000__	CTCTGATCTGCCAACCTTCCTC	TTCCCTCTCTCTGATCTGCCAA
sample1_gene1_chr1:15000000__	CTCTGATCTGCCAACCTTCCTC	TCCTTCCCTCTCTCTGATCTGC
sample1_gene1_chr1:15000000__	CTCTGATCTGCCAACCTTCCTC	CTGATCTGCCAACCTTCCTCTAT
sample1_gene1_chr1:15000000__	CTCTGATCTGCCAACCTTCCTC	TGGTTGGTAGTAATGTTCCATCT
sample1_gene1_chr1:15000000__	CTCTGATCTGCCAACCTTCCTC	TGCAGCAAAGTTCTAACAGGTT
sample1_gene1_chr1:15000000__	CTCTGATCTGCCAACCTTCCTC	AGCAAAGTTCTAACAGGTTTCCC
sample1_gene1_chr1:15000000__	CTCTGATCTGCCAACCTTCCTC	TGTTGTTAGTGCAGCAAAGTTCT
sample1_gene1_chr1:15000000__	CTCTGATCTGCCAACCTTCCTC	AGCAAAGCAAAGTGAAATTTCCA
sample1_gene1_chr1:15000000__	CTCTGATCTGCCAACCTTCCTC	GCAAAGCAAAGTGAAATTTCCATGA
sample1_gene1_chr1:15000000__	TCTCTCTGATCTGCCAACCTTC	CTCTGATCTGCCAACCTTCCTC
sample1_gene1_chr1:15000000__	TCTCTCTGATCTGCCAACCTTC	TCTCTCTGATCTGCCAACCTTC
sample1_gene1_chr1:15000000__	TCTCTCTGATCTGCCAACCTTC	TTCCCTCTCTCTGATCTGCCAA
sample1_gene1_chr1:15000000__	TCTCTCTGATCTGCCAACCTTC	TCCTTCCCTCTCTCTGATCTGC
sample1_gene1_chr1:15000000__	TCTCTCTGATCTGCCAACCTTC	CTGATCTGCCAACCTTCCTCTAT
sample1_gene1_chr1:15000000__	TCTCTCTGATCTGCCAACCTTC	TGGTTGGTAGTAATGTTCCATCT
sample1_gene1_chr1:15000000__	TCTCTCTGATCTGCCAACCTTC	TGCAGCAAAGTTCTAACAGGTT
sample1_gene1_chr1:15000000__	TCTCTCTGATCTGCCAACCTTC	AGCAAAGTTCTAACAGGTTTCCC
sample1_gene1_chr1:15000000__	TCTCTCTGATCTGCCAACCTTC	TGTTGTTAGTGCAGCAAAGTTCT
sample1_gene1_chr1:15000000__	TCTCTCTGATCTGCCAACCTTC	AGCAAAGCAAAGTGAAATTTCCA
sample1_gene1_chr1:15000000__	TCTCTCTGATCTGCCAACCTTC	GCAAAGCAAAGTGAAATTTCCATGA
sample1_gene1_chr1:15000000__	TTCCCTCTCTCTGATCTGCCAA	CTCTGATCTGCCAACCTTCCTC
sample1_gene1_chr1:15000000__	TTCCCTCTCTCTGATCTGCCAA	TCTCTCTGATCTGCCAACCTTC
sample1_gene1_chr1:15000000__	TTCCCTCTCTCTGATCTGCCAA	TTCCCTCTCTCTGATCTGCCAA
sample1_gene1_chr1:15000000__	TTCCCTCTCTCTGATCTGCCAA	TCCTTCCCTCTCTCTGATCTGC
sample1_gene1_chr1:15000000__	TTCCCTCTCTCTGATCTGCCAA	CTGATCTGCCAACCTTCCTCTAT
sample1_gene1_chr1:15000000__	TTCCCTCTCTCTGATCTGCCAA	TGGTTGGTAGTAATGTTCCATCT
sample1_gene1_chr1:15000000__	TTCCCTCTCTCTGATCTGCCAA	TGCAGCAAAGTTCTAACAGGTT
sample1_gene1_chr1:15000000__	TTCCCTCTCTCTGATCTGCCAA	AGCAAAGTTCTAACAGGTTTCCC
sample1_gene1_chr1:15000000__	TTCCCTCTCTCTGATCTGCCAA	TGTTGTTAGTGCAGCAAAGTTCT
sample1_gene1_chr1:15000000__	TTCCCTCTCTCTGATCTGCCAA	AGCAAAGCAAAGTGAAATTTCCA
sample1_gene1_chr1:15000000__	TTCCCTCTCTCTGATCTGCCAA	GCAAAGCAAAGTGAAATTTCCATGA
sample1_gene1_chr1:15000000__	TCCTTCCCTCTCTCTGATCTGC	CTCTGATCTGCCAACCTTCCTC
sample1_gene1_chr1:15000000__	TCCTTCCCTCTCTCTGATCTGC	TCTCTCTGATCTGCCAACCTTC
sample1_gene1_chr1:15000000__	TCCTTCCCTCTCTCTGATCTGC	TTCCCTCTCTCTGATCTGCCAA
sample1_gene1_chr1:15000000__	TCCTTCCCTCTCTCTGATCTGC	TCCTTCCCTCTCTCTGATCTGC
sample1_gene1_chr1:15000000__	TCCTTCCCTCTCTCTGATCTGC	CTGATCTGCCAACCTTCCTCTAT
sample1_gene1_chr1:15000000__	TCCTTCCCTCTCTCTGATCTGC	TGGTTGGTAGTAATGTTCCATCT
sample1_gene1_chr1:15000000__	TCCTTCCCTCTCTCTGATCTGC	TGCAGCAAAGTTCTAACAGGTT
sample1_gene1_chr1:15000000__	TCCTTCCCTCTCTCTGATCTGC	AGCAAAGTTCTAACAGGTTTCCC
sample1_gene1_chr1:15000000__	TCCTTCCCTCTCTCTGATCTGC	TGTTGTTAGTGCAGCAAAGTTCT
sample1_gene1_chr1:15000000__	TCCTTCCCTCTCTCTGATCTGC	AGCAAAGCAAAGTGAAATTTCCA
sample1_gene1_chr1:15000000__	TCCTTCCCTCTCTCTGATCTGC	GCAAAGCAAAGTGAAATTTCCATGA
sample1_gene1_chr1:15000000__	CTGATCTGCCAACCTTCCTCTAT	CTCTGATCTGCCAACCTTCCTC
sample1_gene1_chr1:15000000__	CTGATCTGCCAACCTTCCTCTAT	TCTCTCTGATCTGCCAACCTTC
sample1_gene1_chr1:15000000__	CTGATCTGCCAACCTTCCTCTAT	TTCCCTCTCTCTGATCTGCCAA
sample1_gene1_chr1:15000000__	CTGATCTGCCAACCTTCCTCTAT	TCCTTCCCTCTCTCTGATCTGC
sample1_gene1_chr1:15000000__	CTGATCTGCCAACCTTCCTCTAT	CTGATCTGCCAACCTTCCTCTAT
sample1_gene1_chr1:15000000__	CTGATCTGCCAACCTTCCTCTAT	TGGTTGGTAGTAATGTTCCATCT
sample1_gene1_chr1:15000000__	CTGATCTGCCAACCTTCCTCTAT	TGCAGCAAAGTTCTAACAGGTT
sample1_gene1_chr1:15000000__	CTGATCTGCCAACCTTCCTCTAT	AGCAAAGTTCTAACAGGTTTCCC
sample1_gene1_chr1:15000000__	CTGATCTGCCAACCTTCCTCTAT	TGTTGTTAGTGCAGCAAAGTTCT
sample1_gene1_chr1:15000000__	CTGATCTGCCAACCTTCCTCTAT	AGCAAAGCAAAGTGAAATTTCCA
sample1_gene1_chr1:15000000__	CTGATCTGCCAACCTTCCTCTAT	GCAAAGCAAAGTGAAATTTCCATGA
sample2_gene2_chr2:30000000__	TGGTTGGTAGTAATGTTCCATCT	CTCTGATCTGCCAACCTTCCTC
sample2_gene2_chr2:30000000__	TGGTTGGTAGTAATGTTCCATCT	TCTCTCTGATCTGCCAACCTTC
sample2_gene2_chr2:30000000__	TGGTTGGTAGTAATGTTCCATCT	TTCCCTCTCTCTGATCTGCCAA
sample2_gene2_chr2:30000000__	TGGTTGGTAGTAATGTTCCATCT	TCCTTCCCTCTCTCTGATCTGC
sample2_gene2_chr2:30000000__	TGGTTGGTAGTAATGTTCCATCT	CTGATCTGCCAACCTTCCTCTAT
sample2_gene2_chr2:30000000__	TGGTTGGTAGTAATGTTCCATCT	TGGTTGGTAGTAATGTTCCATCT
sample2_gene2_chr2:30000000__	TGGTTGGTAGTAATGTTCCATCT	TGCAGCAAAGTTCTAACAGGTT
sample2_gene2_chr2:30000000__	TGGTTGGTAGTAATGTTCCATCT	AGCAAAGTTCTAACAGGTTTCCC
sample2_gene2_chr2:30000000__	TGGTTGGTAGTAATGTTCCATCT	TGTTGTTAGTGCAGCAAAGTTCT
sample2_gene2_chr2:30000000__	TGGTTGGTAGTAATGTTCCATCT	AGCAAAGCAAAGTGAAATTTCCA
sample2_gene2_chr2:30000000__	TGGTTGGTAGTAATGTTCCATCT	GCAAAGCAAAGTGAAATTTCCATGA
sample3_gene3_chr3:45000000__	TGCAGCAAAGTTCTAACAGGTT	CTCTGATCTGCCAACCTTCCTC
sample3_gene3_chr3:45000000__	TGCAGCAAAGTTCTAACAGGTT	TCTCTCTGATCTGCCAACCTTC
sample3_gene3_chr3:45000000__	TGCAGCAAAGTTCTAACAGGTT	TTCCCTCTCTCTGATCTGCCAA
sample3_gene3_chr3:45000000__	TGCAGCAAAGTTCTAACAGGTT	TCCTTCCCTCTCTCTGATCTGC
sample3_gene3_chr3:45000000__	TGCAGCAAAGTTCTAACAGGTT	CTGATCTGCCAACCTTCCTCTAT
sample3_gene3_chr3:45000000__	TGCAGCAAAGTTCTAACAGGTT	TGGTTGGTAGTAATGTTCCATCT
sample3_gene3_chr3:45000000__	TGCAGCAAAGTTCTAACAGGTT	TGCAGCAAAGTTCTAACAGGTT
sample3_gene3_chr3:45000000__	TGCAGCAAAGTTCTAACAGGTT	AGCAAAGTTCTAACAGGTTTCCC
sample3_gene3_chr3:45000000__	TGCAGCAAAGTTCTAACAGGTT	TGTTGTTAGTGCAGCAAAGTTCT
sample3_gene3_chr3:45000000__	TGCAGCAAAGTTCTAACAGGTT	AGCAAAGCAAAGTGAAATTTCCA
sample3_gene3_chr3:45000000__	TGCAGCAAAGTTCTAACAGGTT	GCAAAGCAAAGTGAAATTTCCATGA
sample3_gene3_chr3:45000000__	AGCAAAGTTCTAACAGGTTTCCC	CTCTGATCTGCCAACCTTCCTC
sample3_gene3_chr3:45000000__	AGCAAAGTTCTAACAGGTTTCCC	TCTCTCTGATCTGCCAACCTTC
sample3_gene3_chr3:45000000__	AGCAAAGTTCTAACAGGTTTCCC	TTCCCTCTCTCTGATCTGCCAA
sample3_gene3_chr3:45000000__	AGCAAAGTTCTAACAGGTTTCCC	TCCTTCCCTCTCTCTGATCTGC
sample3_gene3_chr3:45000000__	AGCAAAGTTCTAACAGGTTTCCC	CTGATCTGCCAACCTTCCTCTAT
sample3_gene3_chr3:45000000__	AGCAAAGTTCTAACAGGTTTCCC	TGGTTGGTAGTAATGTTCCATCT
sample3_gene3_chr3:45000000__	AGCAAAGTTCTAACAGGTTTCCC	TGCAGCAAAGTTCTAACAGGTT
sample3_gene3_chr3:45000000__	AGCAAAGTTCTAACAGGTTTCCC	AGCAAAGTTCTAACAGGTTTCCC
sample3_gene3_chr3:45000000__	AGCAAAGTTCTAACAGGTTTCCC	TGTTGTTAGTGCAGCAAAGTTCT
sample3_gene3_chr3:45000000__	AGCAAAGTTCTAACAGGTTTCCC	AGCAAAGCAAAGTGAAATTTCCA
sample3_gene3_chr3:45000000__	AGCAAAGTTCTAACAGGTTTCCC	GCAAAGCAAAGTGAAATTTCCATGA
sample3_gene3_chr3:45000000__	TGTTGTTAGTGCAGCAAAGTTCT	CTCTGATCTGCCAACCTTCCTC
sample3_gene3_chr3:45000000__	TGTTGTTAGTGCAGCAAAGTTCT	TCTCTCTGATCTGCCAACCTTC
sample3_gene3_chr3:45000000__	TGTTGTTAGTGCAGCAAAGTTCT	TTCCCTCTCTCTGATCTGCCAA
sample3_gene3_chr3:45000000__	TGTTGTTAGTGCAGCAAAGTTCT	TCCTTCCCTCTCTCTGATCTGC
sample3_gene3_chr3:45000000__	TGTTGTTAGTGCAGCAAAGTTCT	CTGATCTGCCAACCTTCCTCTAT
sample3_gene3_chr3:45000000__	TGTTGTTAGTGCAGCAAAGTTCT	TGGTTGGTAGTAATGTTCCATCT
sample3_gene3_chr3:45000000__	TGTTGTTAGTGCAGCAAAGTTCT	TGCAGCAAAGTTCTAACAGGTT
sample3_gene3_chr3:45000000__	TGTTGTTAGTGCAGCAAAGTTCT	AGCAAAGTTCTAACAGGTTTCCC
sample3_gene3_chr3:45000000__	TGTTGTTAGTGCAGCAAAGTTCT	TGTTGTTAGTGCAGCAAAGTTCT
sample3_gene3_chr3:45000000__	TGTTGTTAGTGCAGCAAAGTTCT	AGCAAAGCAAAGTGAAATTTCCA
sample3_gene3_chr3:45000000__	TGTTGTTAGTGCAGCAAAGTTCT	GCAAAGCAAAGTGAAATTTCCATGA
sample3_gene3_chr3:45000000__	AGCAAAGCAAAGTGAAATTTCCA	CTCTGATCTGCCAACCTTCCTC
sample3_gene3_chr3:45000000__	AGCAAAGCAAAGTGAAATTTCCA	TCTCTCTGATCTGCCAACCTTC
sample3_gene3_chr3:45000000__	AGCAAAGCAAAGTGAAATTTCCA	TTCCCTCTCTCTGATCTGCCAA
sample3_gene3_chr3:45000000__	AGCAAAGCAAAGTGAAATTTCCA	TCCTTCCCTCTCTCTGATCTGC
sample3_gene3_chr3:45000000__	AGCAAAGCAAAGTGAAATTTCCA	CTGATCTGCCAACCTTCCTCTAT
sample3_gene3_chr3:45000000__	AGCAAAGCAAAGTGAAATTTCCA	TGGTTGGTAGTAATGTTCCATCT
sample3_gene3_chr3:45000000__	AGCAAAGCAAAGTGAAATTTCCA	TGCAGCAAAGTTCTAACAGGTT
sample3_gene3_chr3:45000000__	AGCAAAGCAAAGTGAAATTTCCA	AGCAAAGTTCTAACAGGTTTCCC
sample3_gene3_chr3:45000000__	AGCAAAGCAAAGTGAAATTTCCA	TGTTGTTAGTGCAGCAAAGTTCT
sample3_gene3_chr3:45000000__	AGCAAAGCAAAGTGAAATTTCCA	AGCAAAGCAAAGTGAAATTTCCA
sample3_gene3_chr3:45000000__	AGCAAAGCAAAGTGAAATTTCCA	GCAAAGCAAAGTGAAATTTCCATGA
sample3_gene3_chr3:45000000__	GCAAAGCAAAGTGAAATTTCCATGA	CTCTGATCTGCCAACCTTCCTC
sample3_gene3_chr3:45000000__	GCAAAGCAAAGTGAAATTTCCATGA	TCTCTCTGATCTGCCAACCTTC
sample3_gene3_chr3:45000000__	GCAAAGCAAAGTGAAATTTCCATGA	TTCCCTCTCTCTGATCTGCCAA
sample3_gene3_chr3:45000000__	GCAAAGCAAAGTGAAATTTCCATGA	TCCTTCCCTCTCTCTGATCTGC
sample3_gene3_chr3:45000000__	GCAAAGCAAAGTGAAATTTCCATGA	CTGATCTGCCAACCTTCCTCTAT
sample3_gene3_chr3:45000000__	GCAAAGCAAAGTGAAATTTCCATGA	TGGTTGGTAGTAATGTTCCATCT
sample3_gene3_chr3:45000000__	GCAAAGCAAAGTGAAATTTCCATGA	TGCAGCAAAGTTCTAACAGGTT
sample3_gene3_chr3:45000000__	GCAAAGCAAAGTGAAATTTCCATGA	AGCAAAGTTCTAACAGGTTTCCC
sample3_gene3_chr3:45000000__	GCAAAGCAAAGTGAAATTTCCATGA	TGTTGTTAGTGCAGCAAAGTTCT
sample3_gene3_chr3:45000000__	GCAAAGCAAAGTGAAATTTCCATGA	AGCAAAGCAAAGTGAAATTTCCA
sample3_gene3_chr3:45000000__	GCAAAGCAAAGTGAAATTTCCATGA	GCAAAGCAAAGTGAAATTTCCATGA
