>chr1:14999812+15000134 sample1_gene1_chr1:15000000__ 323bp ACCTCCACATCTTTGCTCCAG TCTCTCTGATCTGCCAACCTTC
ACCTCCACATCTTTGCTCCAGttgaatgcaggacaccctcagtctgccct
gtccggcttgacttcttcccgcctgctggtcttgaccccagggcaggggc
tggtggggtgggcacaacagtgtcagcctgtggtaagctaaataatgccc
gccccccaagatgtccatgatataatccctggaacctgtggatatattat
atggcaagagggactttgcagctgtgacggaggatcttgagatgggaaga
tgatctggattgtctgggtgggccctgggtaatcgtggggtacttataga
gGAAGGTTGGCAGATCAGAGAGA
>chr1:14999812+15000139 sample1_gene1_chr1:15000000__ 328bp ACCTCCACATCTTTGCTCCAG TTCCCTCTCTCTGATCTGCCAA
ACCTCCACATCTTTGCTCCAGttgaatgcaggacaccctcagtctgccct
gtccggcttgacttcttcccgcctgctggtcttgaccccagggcaggggc
tggtggggtgggcacaacagtgtcagcctgtggtaagctaaataatgccc
gccccccaagatgtccatgatataatccctggaacctgtggatatattat
atggcaagagggactttgcagctgtgacggaggatcttgagatgggaaga
tgatctggattgtctgggtgggccctgggtaatcgtggggtacttataga
ggaaggTTGGCAGATCAGAGAGAGGGAA
>chr1:14999812+15000129 sample1_gene1_chr1:15000000__ 318bp ACCTCCACATCTTTGCTCCAG CTGATCTGCCAACCTTCCTCTAT
ACCTCCACATCTTTGCTCCAGttgaatgcaggacaccctcagtctgccct
gtccggcttgacttcttcccgcctgctggtcttgaccccagggcaggggc
tggtggggtgggcacaacagtgtcagcctgtggtaagctaaataatgccc
gccccccaagatgtccatgatataatccctggaacctgtggatatattat
atggcaagagggactttgcagctgtgacggaggatcttgagatgggaaga
tgatctggattgtctgggtgggccctgggtaatcgtggggtacttATAGA
GGAAGGTTGGCAGATCAG
>chr1:14999818+15000134 sample1_gene1_chr1:15000000__ 317bp ACATCTTTGCTCCAGTTGAATGC TCTCTCTGATCTGCCAACCTTC
ACATCTTTGCTCCAGTTGAATGCaggacaccctcagtctgccctgtccgg
cttgacttcttcccgcctgctggtcttgaccccagggcaggggctggtgg
ggtgggcacaacagtgtcagcctgtggtaagctaaataatgcccgccccc
caagatgtccatgatataatccctggaacctgtggatatattatatggca
agagggactttgcagctgtgacggaggatcttgagatgggaagatgatct
ggattgtctgggtgggccctgggtaatcgtggggtacttatagagGAAGG
TTGGCAGATCAGAGAGA
>chr1:14999818+15000139 sample1_gene1_chr1:15000000__ 322bp ACATCTTTGCTCCAGTTGAATGC TTCCCTCTCTCTGATCTGCCAA
ACATCTTTGCTCCAGTTGAATGCaggacaccctcagtctgccctgtccgg
cttgacttcttcccgcctgctggtcttgaccccagggcaggggctggtgg
ggtgggcacaacagtgtcagcctgtggtaagctaaataatgcccgccccc
caagatgtccatgatataatccctggaacctgtggatatattatatggca
agagggactttgcagctgtgacggaggatcttgagatgggaagatgatct
ggattgtctgggtgggccctgggtaatcgtggggtacttatagaggaagg
TTGGCAGATCAGAGAGAGGGAA
>chr1:14999818+15000129 sample1_gene1_chr1:15000000__ 312bp ACATCTTTGCTCCAGTTGAATGC CTGATCTGCCAACCTTCCTCTAT
ACATCTTTGCTCCAGTTGAATGCaggacaccctcagtctgccctgtccgg
cttgacttcttcccgcctgctggtcttgaccccagggcaggggctggtgg
ggtgggcacaacagtgtcagcctgtggtaagctaaataatgcccgccccc
caagatgtccatgatataatccctggaacctgtggatatattatatggca
agagggactttgcagctgtgacggaggatcttgagatgggaagatgatct
ggattgtctgggtgggccctgggtaatcgtggggtacttATAGAGGAAGG
TTGGCAGATCAG
>chr1:14999930+15000134 sample1_gene1_chr1:15000000__ 205bp AGTGTCAGCCTGTGGTAAGC TCTCTCTGATCTGCCAACCTTC
AGTGTCAGCCTGTGGTAAGCtaaataatgcccgccccccaagatgtccat
gatataatccctggaacctgtggatatattatatggcaagagggactttg
cagctgtgacggaggatcttgagatgggaagatgatctggattgtctggg
tgggccctgggtaatcgtggggtacttatagagGAAGGTTGGCAGATCAG
AGAGA
>chr1:14999930+15000139 sample1_gene1_chr1:15000000__ 210bp AGTGTCAGCCTGTGGTAAGC TTCCCTCTCTCTGATCTGCCAA
AGTGTCAGCCTGTGGTAAGCtaaataatgcccgccccccaagatgtccat
gatataatccctggaacctgtggatatattatatggcaagagggactttg
cagctgtgacggaggatcttgagatgggaagatgatctggattgtctggg
tgggccctgggtaatcgtggggtacttatagaggaaggTTGGCAGATCAG
AGAGAGGGAA
>chr1:14999930+15000129 sample1_gene1_chr1:15000000__ 200bp AGTGTCAGCCTGTGGTAAGC CTGATCTGCCAACCTTCCTCTAT
AGTGTCAGCCTGTGGTAAGCtaaataatgcccgccccccaagatgtccat
gatataatccctggaacctgtggatatattatatggcaagagggactttg
cagctgtgacggaggatcttgagatgggaagatgatctggattgtctggg
tgggccctgggtaatcgtggggtacttATAGAGGAAGGTTGGCAGATCAG
>chr1:14999812-15000134 sample1_gene1_chr1:15000000__ 323bp TCTCTCTGATCTGCCAACCTTC ACCTCCACATCTTTGCTCCAG
TCTCTCTGATCTGCCAACCTTCctctataagtaccccacgattacccagg
gcccacccagacaatccagatcatcttcccatctcaagatcctccgtcac
agctgcaaagtccctcttgccatataatatatccacaggttccagggatt
atatcatggacatcttggggggcgggcattatttagcttaccacaggctg
acactgttgtgcccaccccaccagcccctgccctggggtcaagaccagca
ggcgggaagaagtcaagccggacagggcagactgagggtgtcctgcattc
aaCTGGAGCAAAGATGTGGAGGT
>chr1:14999818-15000134 sample1_gene1_chr1:15000000__ 317bp TCTCTCTGATCTGCCAACCTTC ACATCTTTGCTCCAGTTGAATGC
TCTCTCTGATCTGCCAACCTTCctctataagtaccccacgattacccagg
gcccacccagacaatccagatcatcttcccatctcaagatcctccgtcac
agctgcaaagtccctcttgccatataatatatccacaggttccagggatt
atatcatggacatcttggggggcgggcattatttagcttaccacaggctg
acactgttgtgcccaccccaccagcccctgccctggggtcaagaccagca
ggcgggaagaagtcaagccggacagggcagactgagggtgtcctGCATTC
AACTGGAGCAAAGATGT
>chr1:14999930-15000134 sample1_gene1_chr1:15000000__ 205bp TCTCTCTGATCTGCCAACCTTC AGTGTCAGCCTGTGGTAAGC
TCTCTCTGATCTGCCAACCTTCctctataagtaccccacgattacccagg
gcccacccagacaatccagatcatcttcccatctcaagatcctccgtcac
agctgcaaagtccctcttgccatataatatatccacaggttccagggatt
atatcatggacatcttggggggcgggcattatttaGCTTACCACAGGCTG
ACACT
>chr1:14999812-15000139 sample1_gene1_chr1:15000000__ 328bp TTCCCTCTCTCTGATCTGCCAA ACCTCCACATCTTTGCTCCAG
TTCCCTCTCTCTGATCTGCCAAccttcctctataagtaccccacgattac
ccagggcccacccagacaatccagatcatcttcccatctcaagatcctcc
gtcacagctgcaaagtccctcttgccatataatatatccacaggttccag
ggattatatcatggacatcttggggggcgggcattatttagcttaccaca
ggctgacactgttgtgcccaccccaccagcccctgccctggggtcaagac
cagcaggcgggaagaagtcaagccggacagggcagactgagggtgtcctg
cattcaaCTGGAGCAAAGATGTGGAGGT
>chr1:14999818-15000139 sample1_gene1_chr1:15000000__ 322bp TTCCCTCTCTCTGATCTGCCAA ACATCTTTGCTCCAGTTGAATGC
TTCCCTCTCTCTGATCTGCCAAccttcctctataagtaccccacgattac
ccagggcccacccagacaatccagatcatcttcccatctcaagatcctcc
gtcacagctgcaaagtccctcttgccatataatatatccacaggttccag
ggattatatcatggacatcttggggggcgggcattatttagcttaccaca
ggctgacactgttgtgcccaccccaccagcccctgccctggggtcaagac
cagcaggcgggaagaagtcaagccggacagggcagactgagggtgtcctG
CATTCAACTGGAGCAAAGATGT
>chr1:14999930-15000139 sample1_gene1_chr1:15000000__ 210bp TTCCCTCTCTCTGATCTGCCAA AGTGTCAGCCTGTGGTAAGC
TTCCCTCTCTCTGATCTGCCAAccttcctctataagtaccccacgattac
ccagggcccacccagacaatccagatcatcttcccatctcaagatcctcc
gtcacagctgcaaagtccctcttgccatataatatatccacaggttccag
ggattatatcatggacatcttggggggcgggcattatttaGCTTACCACA
GGCTGACACT
>chr1:14999812-15000129 sample1_gene1_chr1:15000000__ 318bp CTGATCTGCCAACCTTCCTCTAT ACCTCCACATCTTTGCTCCAG
CTGATCTGCCAACCTTCCTCTATaagtaccccacgattacccagggccca
cccagacaatccagatcatcttcccatctcaagatcctccgtcacagctg
caaagtccctcttgccatataatatatccacaggttccagggattatatc
atggacatcttggggggcgggcattatttagcttaccacaggctgacact
gttgtgcccaccccaccagcccctgccctggggtcaagaccagcaggcgg
gaagaagtcaagccggacagggcagactgagggtgtcctgcattcaaCTG
GAGCAAAGATGTGGAGGT
>chr1:14999818-15000129 sample1_gene1_chr1:15000000__ 312bp CTGATCTGCCAACCTTCCTCTAT ACATCTTTGCTCCAGTTGAATGC
CTGATCTGCCAACCTTCCTCTATaagtaccccacgattacccagggccca
cccagacaatccagatcatcttcccatctcaagatcctccgtcacagctg
caaagtccctcttgccatataatatatccacaggttccagggattatatc
atggacatcttggggggcgggcattatttagcttaccacaggctgacact
gttgtgcccaccccaccagcccctgccctggggtcaagaccagcaggcgg
gaagaagtcaagccggacagggcagactgagggtgtcctGCATTCAACTG
GAGCAAAGATGT
>chr1:14999930-15000129 sample1_gene1_chr1:15000000__ 200bp CTGATCTGCCAACCTTCCTCTAT AGTGTCAGCCTGTGGTAAGC
CTGATCTGCCAACCTTCCTCTATaagtaccccacgattacccagggccca
cccagacaatccagatcatcttcccatctcaagatcctccgtcacagctg
caaagtccctcttgccatataatatatccacaggttccagggattatatc
atggacatcttggggggcgggcattatttaGCTTACCACAGGCTGACACT
>chr2:29999803+30000056 sample2_gene2_chr2:30000000__ 254bp CTCAAGTCAGTAATCTTCTACCTCA TGGTTGGTAGTAATGTTCCATCT
CTCAAGTCAGTAATCTTCTACCTCAagaaactgaaaaaagacgagtaaaa
acccaaagcaaaaagaaggaagaaaataatggaattagagcagaaataaa
tgaaatagaaaatagaaaaacaacagaaattttaaacattggtcctttga
aaagatcaataaaattgacaaacttttagcctgaatgaccagaaaaaaaa
aagagaagattaaaattactaaaagaaagaaAGATGGAACATTACTACCA
ACCA
>chr2:29999803-30000056 sample2_gene2_chr2:30000000__ 254bp TGGTTGGTAGTAATGTTCCATCT CTCAAGTCAGTAATCTTCTACCTCA
TGGTTGGTAGTAATGTTCCATCTttctttcttttagtaattttaatcttc
tcttttttttttctggtcattcaggctaaaagtttgtcaattttattgat
cttttcaaaggaccaatgtttaaaatttctgttgtttttctattttctat
ttcatttatttctgctctaattccattattttcttccttctttttgcttt
gggtttttactcgtcttttttcagtttctTGAGGTAGAAGATTACTGACT
TGAG
>chr3:44999850+45000190 sample3_gene3_chr3:45000000__ 341bp CGAGGTGGTGGAAATCTGTGAA TGCAGCAAAGTTCTAACAGGTT
CGAGGTGGTGGAAATCTGTGAAgcaatccttgaagcaagatagtagaaaa
gaaacctcctaatttctttttaccaactggtctggttagtcctcagacag
agcccatgttcaaacagatatttgctgggcaccctgccatgttttcatac
ttacttacttcaaacctattacagtcagatgacccacctgtttccagtat
tggtttttttcccctcagttcggttattttatgagagtgaaaatttaact
tcatggaaatttcactttgctttgctctttatagttctctaatggcatca
gtttttactccaagagggaAACCTGTTAGAACTTTGCTGCA
>chr3:44999850+45000187 sample3_gene3_chr3:45000000__ 338bp CGAGGTGGTGGAAATCTGTGAA AGCAAAGTTCTAACAGGTTTCCC
CGAGGTGGTGGAAATCTGTGAAgcaatccttgaagcaagatagtagaaaa
gaaacctcctaatttctttttaccaactggtctggttagtcctcagacag
agcccatgttcaaacagatatttgctgggcaccctgccatgttttcatac
ttacttacttcaaacctattacagtcagatgacccacctgtttccagtat
tggtttttttcccctcagttcggttattttatgagagtgaaaatttaact
tcatggaaatttcactttgctttgctctttatagttctctaatggcatca
gtttttactccaagaGGGAAACCTGTTAGAACTTTGCT
>chr3:44999943+45000190 sample3_gene3_chr3:45000000__ 248bp CAGACAGAGCCCATGTTCAAAC TGCAGCAAAGTTCTAACAGGTT
CAGACAGAGCCCATGTTCAAACagatatttgctgggcaccctgccatgtt
ttcatacttacttacttcaaacctattacagtcagatgacccacctgttt
ccagtattggtttttttcccctcagttcggttattttatgagagtgaaaa
tttaacttcatggaaatttcactttgctttgctctttatagttctctaat
ggcatcagtttttactccaagagggaAACCTGTTAGAACTTTGCTGCA
>chr3:44999943+45000187 sample3_gene3_chr3:45000000__ 245bp CAGACAGAGCCCATGTTCAAAC AGCAAAGTTCTAACAGGTTTCCC
CAGACAGAGCCCATGTTCAAACagatatttgctgggcaccctgccatgtt
ttcatacttacttacttcaaacctattacagtcagatgacccacctgttt
ccagtattggtttttttcccctcagttcggttattttatgagagtgaaaa
tttaacttcatggaaatttcactttgctttgctctttatagttctctaat
ggcatcagtttttactccaagaGGGAAACCTGTTAGAACTTTGCT
>chr3:44999850-45000190 sample3_gene3_chr3:45000000__ 341bp TGCAGCAAAGTTCTAACAGGTT CGAGGTGGTGGAAATCTGTGAA
TGCAGCAAAGTTCTAACAGGTTtccctcttggagtaaaaactgatgccat
tagagaactataaagagcaaagcaaagtgaaatttccatgaagttaaatt
ttcactctcataaaataaccgaactgaggggaaaaaaaccaatactggaa
acaggtgggtcatctgactgtaataggtttgaagtaagtaagtatgaaaa
catggcagggtgcccagcaaatatctgtttgaacatgggctctgtctgag
gactaaccagaccagttggtaaaaagaaattaggaggtttcttttctact
atcttgcttcaaggattgcTTCACAGATTTCCACCACCTCG
>chr3:44999943-45000190 sample3_gene3_chr3:45000000__ 248bp TGCAGCAAAGTTCTAACAGGTT CAGACAGAGCCCATGTTCAAAC
TGCAGCAAAGTTCTAACAGGTTtccctcttggagtaaaaactgatgccat
tagagaactataaagagcaaagcaaagtgaaatttccatgaagttaaatt
ttcactctcataaaataaccgaactgaggggaaaaaaaccaatactggaa
acaggtgggtcatctgactgtaataggtttgaagtaagtaagtatgaaaa
catggcagggtgcccagcaaatatctGTTTGAACATGGGCTCTGTCTG
>chr3:44999850-45000187 sample3_gene3_chr3:45000000__ 338bp AGCAAAGTTCTAACAGGTTTCCC CGAGGTGGTGGAAATCTGTGAA
AGCAAAGTTCTAACAGGTTTCCCtcttggagtaaaaactgatgccattag
agaactataaagagcaaagcaaagtgaaatttccatgaagttaaattttc
actctcataaaataaccgaactgaggggaaaaaaaccaatactggaaaca
ggtgggtcatctgactgtaataggtttgaagtaagtaagtatgaaaacat
ggcagggtgcccagcaaatatctgtttgaacatgggctctgtctgaggac
taaccagaccagttggtaaaaagaaattaggaggtttcttttctactatc
ttgcttcaaggattgcTTCACAGATTTCCACCACCTCG
>chr3:44999943-45000187 sample3_gene3_chr3:45000000__ 245bp AGCAAAGTTCTAACAGGTTTCCC CAGACAGAGCCCATGTTCAAAC
AGCAAAGTTCTAACAGGTTTCCCtcttggagtaaaaactgatgccattag
agaactataaagagcaaagcaaagtgaaatttccatgaagttaaattttc
actctcataaaataaccgaactgaggggaaaaaaaccaatactggaaaca
ggtgggtcatctgactgtaataggtttgaagtaagtaagtatgaaaacat
ggcagggtgcccagcaaatatctGTTTGAACATGGGCTCTGTCTG
