Well Position,Sequence Name,Sequence
A1,sample1_gene1_chr1:15000000___R,TCTCTCTGATCTGCCAACCTTC
A2,sample2_gene2_chr2:30000000___R,TGGTTGGTAGTAATGTTCCATCT
A3,sample3_gene3_chr3:45000000___R,TGCAGCAAAGTTCTAACAGGTT
