Sequence ID,Primer Rank,Primer Left Seq,Primer Right Seq,Primer Left Len,Primer Right Len,Primer Left TM,Primer Right TM,Primer Left GC %,Primer Right GC %,Primer3 Predicted Product,Chromosome,Position1,Position2,Sample_Pos,PCR_Prod_Len,Forward,Reverse,Product GC%,ForwardPrimLen,ReversePrimLen
sample1_gene1_chr1:15000000__,1,ACCTCCACATCTTTGCTCCAG,TCTCTCTGATCTGCCAACCTTC,21,22,59.996,59.501000000000005,52.381,50.0,323,chr1,14999812,15000134,15000000,323bp,ACCTCCACATCTTTGCTCCAG,TCTCTCTGATCTGCCAACCTTC,53.86996904024768,21,22
sample2_gene2_chr2:30000000__,0,CTCAAGTCAGTAATCTTCTACCTCA,TGGTTGGTAGTAATGTTCCATCT,25,23,57.602,57.228,40.0,39.13,254,chr2,29999803,30000056,30000000,254bp,CTCAAGTCAGTAATCTTCTACCTCA,TGGTTGGTAGTAATGTTCCATCT,28.346456692913385,25,23
sample3_gene3_chr3:45000000__,0,CGAGGTGGTGGAAATCTGTGAA,TGCAGCAAAGTTCTAACAGGTT,22,22,60.55,58.713,50.0,40.909,341,chr3,44999850,45000190,45000000,341bp,CGAGGTGGTGGAAATCTGTGAA,TGCAGCAAAGTTCTAACAGGTT,39.29618768328446,22,22
