Sequence ID	Primer Rank	Primer Left Seq	Primer Right Seq	Primer Left Len	Primer Right Len	Primer Left TM	Primer Right TM	Primer Left GC %	Primer Right GC %	Primer3 Predicted Product	Chromosome	Position1	Position2	Sample_Pos	PCR_Prod_Len	Forward	Reverse	Product GC%	ForwardPrimLen	ReversePrimLen	left_dbsnp_count	left_dbsnp_id	left_dbsnp_pos	left_dbsnp_common_id	left_dbsnp_caf	left_dbsnp_topmed	right_dbsnp_count	right_dbsnp_id	right_dbsnp_pos	right_dbsnp_common_id	right_dbsnp_caf	right_dbsnp_topmed
sample1_gene1_chr1:15000000__	0	TCCACATCTTTGCTCCAGTTGA	CTCTGATCTGCCAACCTTCCTC	22	22	59.894	60.42	45.455	54.545	317	chr1	14999815	15000131	15000000	317bp	TCCACATCTTTGCTCCAGTTGA	CTCTGATCTGCCAACCTTCCTC	53.94321766561514	22	22	1	rs542560220	14999835		0.000599	0.00053357543323139	5	rs1184915711,rs1410833705,rs978605550,rs573841659,rs1176598110	15000116;15000118;15000124;15000126;15000129	rs573841659	;;;0.002396;	0.00000796381243628;;0.00000796381243628;0.00000796381243628;0.00003185524974515
sample1_gene1_chr1:15000000__	1	ACCTCCACATCTTTGCTCCAG	TCTCTCTGATCTGCCAACCTTC	21	22	59.996	59.501000000000005	52.381	50.0	323	chr1	14999812	15000134	15000000	323bp	ACCTCCACATCTTTGCTCCAG	TCTCTCTGATCTGCCAACCTTC	53.86996904024768	21	22	2	rs1021713360,rs543912307	14999812;14999813		;	;0.00164850917431192	5	rs1184915711,rs1410833705,rs978605550,rs573841659,rs1176598110	15000116;15000118;15000124;15000126;15000129	rs573841659	;;;0.002396;	0.00000796381243628;;0.00000796381243628;0.00000796381243628;0.00003185524974515
sample1_gene1_chr1:15000000__	2	ACATCTTTGCTCCAGTTGAATGC	TTCCCTCTCTCTGATCTGCCAA	23	22	60.056999999999995	60.56100000000001	43.478	50.0	322	chr1	14999818	15000139	15000000	322bp	ACATCTTTGCTCCAGTTGAATGC	TTCCCTCTCTCTGATCTGCCAA	53.72670807453416	23	22	1	rs542560220	14999835		0.000599	0.00053357543323139	6	rs1410833705,rs978605550,rs573841659,rs1176598110,rs1343458853,rs1412335336	15000118;15000124;15000126;15000129;15000135;15000137	rs573841659	;;0.002396;;;	;0.00000796381243628;0.00000796381243628;0.00003185524974515;0.00000796381243628;0.00002389143730886
sample1_gene1_chr1:15000000__	3	CCCACCTCCACATCTTTGCTC	TCCTTCCCTCTCTCTGATCTGC	21	22	60.952	60.68899999999999	57.143	54.545	334	chr1	14999809	15000142	15000000	334bp	CCCACCTCCACATCTTTGCTC	TCCTTCCCTCTCTCTGATCTGC	54.49101796407185	21	22	3	rs1392199665,rs1021713360,rs543912307	14999811;14999812;14999813		;;	;;0.00164850917431192	5	rs978605550,rs573841659,rs1176598110,rs1343458853,rs1412335336	15000124;15000126;15000129;15000135;15000137	rs573841659	;0.002396;;;	0.00000796381243628;0.00000796381243628;0.00003185524974515;0.00000796381243628;0.00002389143730886
sample1_gene1_chr1:15000000__	4	AGTGTCAGCCTGTGGTAAGC	CTGATCTGCCAACCTTCCTCTAT	20	23	59.965	59.608999999999995	55.0	47.826	200	chr1	14999930	15000129	15000000	200bp	AGTGTCAGCCTGTGGTAAGC	CTGATCTGCCAACCTTCCTCTAT	49.5	20	23	1	rs10449296	14999946	rs10449296	0.5337	0.45864392201834862	6	rs946819456,rs1184915711,rs1410833705,rs978605550,rs573841659,rs1176598110	15000108;15000116;15000118;15000124;15000126;15000129	rs573841659	;;;;0.002396;	;0.00000796381243628;;0.00000796381243628;0.00000796381243628;0.00003185524974515
sample2_gene2_chr2:30000000__	0	CTCAAGTCAGTAATCTTCTACCTCA	TGGTTGGTAGTAATGTTCCATCT	25	23	57.602	57.228	40.0	39.13	254	chr2	29999803	30000056	30000000	254bp	CTCAAGTCAGTAATCTTCTACCTCA	TGGTTGGTAGTAATGTTCCATCT	28.346456692913385	25	23	5	rs76603803,rs1196795055,rs914162290,rs1441334465,rs1441334465	29999821;29999824;29999825;29999826;29999826	rs76603803	0.01338;;;;	0.01615857543323139;0.00003185524974515;0.00003185524974515;.,0.00000796381243628;.,0.00000796381243628	4	rs1330617338,rs1288570864,rs1033443213,rs373389642	30000043;30000046;30000048;30000051		;;;	0.00000796381243628;0.00002389143730886;;
sample3_gene3_chr3:45000000__	0	CGAGGTGGTGGAAATCTGTGAA	TGCAGCAAAGTTCTAACAGGTT	22	22	60.55	58.713	50.0	40.909	341	chr3	44999850	45000190	45000000	341bp	CGAGGTGGTGGAAATCTGTGAA	TGCAGCAAAGTTCTAACAGGTT	39.29618768328446	22	22	3	rs574415900,rs574415900,rs1489234283	44999850;44999850;44999871		0.0001997,.;0.0001997,.;	0.00003185524974515,0.00003981906218144;0.00003185524974515,0.00003981906218144;0.00000796381243628	5	rs375516129,rs1320306321,rs979541497,rs781161339,rs368765243	45000172;45000184;45000186;45000187;45000188		;;;;	0.00005574668705402;;0.00000796381243628;;0.00035837155963302
sample3_gene3_chr3:45000000__	1	CAGACAGAGCCCATGTTCAAAC	AGCAAAGTTCTAACAGGTTTCCC	22	23	59.773	59.11	50.0	43.478	245	chr3	44999943	45000187	45000000	245bp	CAGACAGAGCCCATGTTCAAAC	AGCAAAGTTCTAACAGGTTTCCC	38.36734693877551	22	23	5	rs1020834311,rs545855025,rs564042197,rs1428779176,rs1194519676	44999945;44999951;44999955;44999961;44999965	rs545855025	;0.001198;0.0001997;;	;0.00068488786952089;0.00011149337410805;0.00000796381243628;0.00000796381243628	4	rs375516129,rs1320306321,rs979541497,rs781161339	45000172;45000184;45000186;45000187		;;;	0.00005574668705402;;0.00000796381243628;
sample3_gene3_chr3:45000000__	2	CATGTTTGAAGCGAGGTGGTG	TGTTGTTAGTGCAGCAAAGTTCT	21	23	60.068999999999996	59.306000000000004	52.381	39.13	361	chr3	44999839	45000199	45000000	361bp	CATGTTTGAAGCGAGGTGGTG	TGTTGTTAGTGCAGCAAAGTTCT	39.05817174515235	21	23	3	rs1489911066,rs574415900,rs574415900	44999840;44999850;44999850		;0.0001997,.;0.0001997,.	0.00000796381243628;0.00003185524974515,0.00003981906218144;0.00003185524974515,0.00003981906218144	5	rs1320306321,rs979541497,rs781161339,rs368765243,rs1231916512	45000184;45000186;45000187;45000188;45000194		;;;;	;0.00000796381243628;;0.00035837155963302;0.00000796381243628
sample3_gene3_chr3:45000000__	3	GGTGGAAATCTGTGAAGCAATCC	AGCAAAGCAAAGTGAAATTTCCA	23	23	60.119	58.231	47.826	34.783	270	chr3	44999856	45000125	45000000	270bp	GGTGGAAATCTGTGAAGCAATCC	AGCAAAGCAAAGTGAAATTTCCA	38.88888888888889	23	23	1	rs1489234283	44999871			0.00000796381243628	2	rs1047865309,rs147612096	45000105;45000112		;0.0001997	;0.00003981906218144
sample3_gene3_chr3:45000000__	4	GAAGCGAGGTGGTGGAAATCT	GCAAAGCAAAGTGAAATTTCCATGA	21	25	60.339	59.763000000000005	52.381	36.0	279	chr3	44999846	45000124	45000000	279bp	GAAGCGAGGTGGTGGAAATCT	GCAAAGCAAAGTGAAATTTCCATGA	39.784946236559136	21	25	2	rs574415900,rs574415900	44999850;44999850		0.0001997,.;0.0001997,.	0.00003185524974515,0.00003981906218144;0.00003185524974515,0.00003981906218144	2	rs1047865309,rs147612096	45000105;45000112		;0.0001997	;0.00003981906218144
