Chromosome,Position1,Position2,Sample_Pos,Sequence ID,PCR_Prod_Len,Forward,Reverse,Product GC%,ForwardPrimLen,ReversePrimLen
chr1,14999815,15000131,15000000,sample1_gene1_chr1:15000000__,317bp,TCCACATCTTTGCTCCAGTTGA,CTCTGATCTGCCAACCTTCCTC,53.94321766561514,22,22
chr1,14999812,15000134,15000000,sample1_gene1_chr1:15000000__,323bp,ACCTCCACATCTTTGCTCCAG,TCTCTCTGATCTGCCAACCTTC,53.86996904024768,21,22
chr1,14999818,15000139,15000000,sample1_gene1_chr1:15000000__,322bp,ACATCTTTGCTCCAGTTGAATGC,TTCCCTCTCTCTGATCTGCCAA,53.72670807453416,23,22
chr1,14999809,15000142,15000000,sample1_gene1_chr1:15000000__,334bp,CCCACCTCCACATCTTTGCTC,TCCTTCCCTCTCTCTGATCTGC,54.49101796407185,21,22
chr1,14999930,15000129,15000000,sample1_gene1_chr1:15000000__,200bp,AGTGTCAGCCTGTGGTAAGC,CTGATCTGCCAACCTTCCTCTAT,49.5,20,23
chr2,29999803,30000056,30000000,sample2_gene2_chr2:30000000__,254bp,CTCAAGTCAGTAATCTTCTACCTCA,TGGTTGGTAGTAATGTTCCATCT,28.346456692913385,25,23
chr3,44999850,45000190,45000000,sample3_gene3_chr3:45000000__,341bp,CGAGGTGGTGGAAATCTGTGAA,TGCAGCAAAGTTCTAACAGGTT,39.29618768328446,22,22
chr3,44999943,45000187,45000000,sample3_gene3_chr3:45000000__,245bp,CAGACAGAGCCCATGTTCAAAC,AGCAAAGTTCTAACAGGTTTCCC,38.36734693877551,22,23
chr3,44999839,45000199,45000000,sample3_gene3_chr3:45000000__,361bp,CATGTTTGAAGCGAGGTGGTG,TGTTGTTAGTGCAGCAAAGTTCT,39.05817174515235,21,23
chr3,44999856,45000125,45000000,sample3_gene3_chr3:45000000__,270bp,GGTGGAAATCTGTGAAGCAATCC,AGCAAAGCAAAGTGAAATTTCCA,38.88888888888889,23,23
chr3,44999846,45000124,45000000,sample3_gene3_chr3:45000000__,279bp,GAAGCGAGGTGGTGGAAATCT,GCAAAGCAAAGTGAAATTTCCATGA,39.784946236559136,21,25
