>chr1:14999815+15000131 sample1_gene1_chr1:15000000__ 317bp TCCACATCTTTGCTCCAGTTGA CTCTGATCTGCCAACCTTCCTC
TCCACATCTTTGCTCCAGTTGAatgcaggacaccctcagtctgccctgtc
cggcttgacttcttcccgcctgctggtcttgaccccagggcaggggctgg
tggggtgggcacaacagtgtcagcctgtggtaagctaaataatgcccgcc
ccccaagatgtccatgatataatccctggaacctgtggatatattatatg
gcaagagggactttgcagctgtgacggaggatcttgagatgggaagatga
tctggattgtctgggtgggccctgggtaatcgtggggtacttataGAGGA
AGGTTGGCAGATCAGAG
>chr1:14999812+15000134 sample1_gene1_chr1:15000000__ 323bp ACCTCCACATCTTTGCTCCAG TCTCTCTGATCTGCCAACCTTC
ACCTCCACATCTTTGCTCCAGttgaatgcaggacaccctcagtctgccct
gtccggcttgacttcttcccgcctgctggtcttgaccccagggcaggggc
tggtggggtgggcacaacagtgtcagcctgtggtaagctaaataatgccc
gccccccaagatgtccatgatataatccctggaacctgtggatatattat
atggcaagagggactttgcagctgtgacggaggatcttgagatgggaaga
tgatctggattgtctgggtgggccctgggtaatcgtggggtacttataga
gGAAGGTTGGCAGATCAGAGAGA
>chr1:14999818+15000139 sample1_gene1_chr1:15000000__ 322bp ACATCTTTGCTCCAGTTGAATGC TTCCCTCTCTCTGATCTGCCAA
ACATCTTTGCTCCAGTTGAATGCaggacaccctcagtctgccctgtccgg
cttgacttcttcccgcctgctggtcttgaccccagggcaggggctggtgg
ggtgggcacaacagtgtcagcctgtggtaagctaaataatgcccgccccc
caagatgtccatgatataatccctggaacctgtggatatattatatggca
agagggactttgcagctgtgacggaggatcttgagatgggaagatgatct
ggattgtctgggtgggccctgggtaatcgtggggtacttatagaggaagg
TTGGCAGATCAGAGAGAGGGAA
>chr1:14999809+15000142 sample1_gene1_chr1:15000000__ 334bp CCCACCTCCACATCTTTGCTC TCCTTCCCTCTCTCTGATCTGC
CCCACCTCCACATCTTTGCTCcagttgaatgcaggacaccctcagtctgc
cctgtccggcttgacttcttcccgcctgctggtcttgaccccagggcagg
ggctggtggggtgggcacaacagtgtcagcctgtggtaagctaaataatg
cccgccccccaagatgtccatgatataatccctggaacctgtggatatat
tatatggcaagagggactttgcagctgtgacggaggatcttgagatggga
agatgatctggattgtctgggtgggccctgggtaatcgtggggtacttat
agaggaaggttgGCAGATCAGAGAGAGGGAAGGA
>chr1:14999930+15000129 sample1_gene1_chr1:15000000__ 200bp AGTGTCAGCCTGTGGTAAGC CTGATCTGCCAACCTTCCTCTAT
AGTGTCAGCCTGTGGTAAGCtaaataatgcccgccccccaagatgtccat
gatataatccctggaacctgtggatatattatatggcaagagggactttg
cagctgtgacggaggatcttgagatgggaagatgatctggattgtctggg
tgggccctgggtaatcgtggggtacttATAGAGGAAGGTTGGCAGATCAG
>chr2:29999803+30000056 sample2_gene2_chr2:30000000__ 254bp CTCAAGTCAGTAATCTTCTACCTCA TGGTTGGTAGTAATGTTCCATCT
CTCAAGTCAGTAATCTTCTACCTCAagaaactgaaaaaagacgagtaaaa
acccaaagcaaaaagaaggaagaaaataatggaattagagcagaaataaa
tgaaatagaaaatagaaaaacaacagaaattttaaacattggtcctttga
aaagatcaataaaattgacaaacttttagcctgaatgaccagaaaaaaaa
aagagaagattaaaattactaaaagaaagaaAGATGGAACATTACTACCA
ACCA
>chr3:44999850+45000190 sample3_gene3_chr3:45000000__ 341bp CGAGGTGGTGGAAATCTGTGAA TGCAGCAAAGTTCTAACAGGTT
CGAGGTGGTGGAAATCTGTGAAgcaatccttgaagcaagatagtagaaaa
gaaacctcctaatttctttttaccaactggtctggttagtcctcagacag
agcccatgttcaaacagatatttgctgggcaccctgccatgttttcatac
ttacttacttcaaacctattacagtcagatgacccacctgtttccagtat
tggtttttttcccctcagttcggttattttatgagagtgaaaatttaact
tcatggaaatttcactttgctttgctctttatagttctctaatggcatca
gtttttactccaagagggaAACCTGTTAGAACTTTGCTGCA
>chr3:44999943+45000187 sample3_gene3_chr3:45000000__ 245bp CAGACAGAGCCCATGTTCAAAC AGCAAAGTTCTAACAGGTTTCCC
CAGACAGAGCCCATGTTCAAACagatatttgctgggcaccctgccatgtt
ttcatacttacttacttcaaacctattacagtcagatgacccacctgttt
ccagtattggtttttttcccctcagttcggttattttatgagagtgaaaa
tttaacttcatggaaatttcactttgctttgctctttatagttctctaat
ggcatcagtttttactccaagaGGGAAACCTGTTAGAACTTTGCT
>chr3:44999839+45000199 sample3_gene3_chr3:45000000__ 361bp CATGTTTGAAGCGAGGTGGTG TGTTGTTAGTGCAGCAAAGTTCT
CATGTTTGAAGCGAGGTGGTGgaaatctgtgaagcaatccttgaagcaag
atagtagaaaagaaacctcctaatttctttttaccaactggtctggttag
tcctcagacagagcccatgttcaaacagatatttgctgggcaccctgcca
tgttttcatacttacttacttcaaacctattacagtcagatgacccacct
gtttccagtattggtttttttcccctcagttcggttattttatgagagtg
aaaatttaacttcatggaaatttcactttgctttgctctttatagttctc
taatggcatcagtttttactccaagagggaaacctgttAGAACTTTGCTG
CACTAACAACA
>chr3:44999856+45000125 sample3_gene3_chr3:45000000__ 270bp GGTGGAAATCTGTGAAGCAATCC AGCAAAGCAAAGTGAAATTTCCA
GGTGGAAATCTGTGAAGCAATCCttgaagcaagatagtagaaaagaaacc
tcctaatttctttttaccaactggtctggttagtcctcagacagagccca
tgttcaaacagatatttgctgggcaccctgccatgttttcatacttactt
acttcaaacctattacagtcagatgacccacctgtttccagtattggttt
ttttcccctcagttcggttattttatgagagtgaaaatttaacttcaTGG
AAATTTCACTTTGCTTTGCT
>chr3:44999846+45000124 sample3_gene3_chr3:45000000__ 279bp GAAGCGAGGTGGTGGAAATCT GCAAAGCAAAGTGAAATTTCCATGA
GAAGCGAGGTGGTGGAAATCTgtgaagcaatccttgaagcaagatagtag
aaaagaaacctcctaatttctttttaccaactggtctggttagtcctcag
acagagcccatgttcaaacagatatttgctgggcaccctgccatgttttc
atacttacttacttcaaacctattacagtcagatgacccacctgtttcca
gtattggtttttttcccctcagttcggttattttatgagagtgaaaattt
aactTCATGGAAATTTCACTTTGCTTTGC
