Well Position,Sequence Name,Sequence
A1,sample1_gene1_chr1:15000000___F,TCCACATCTTTGCTCCAGTTGA
A2,sample2_gene2_chr2:30000000___F,CTCAAGTCAGTAATCTTCTACCTCA
A3,sample3_gene3_chr3:45000000___F,CGAGGTGGTGGAAATCTGTGAA
