SEQUENCE_ID=sample1_gene1_chr1:15000000__
SEQUENCE_TEMPLATE=TGGGCCTCCCCACCTCCACATCTTTGCTCCAGTTGAATGCAGGACACCCTCAGTCTGCCCTGTCCGGCTTGACTTCTTCCCGCCTGCTGGTCTTGACCCCAGGGCAGGGGCTGGTGGGGTGGGCACAACAGTGTCAGCCTGTGGTAAGCTAAATAATGCCCGCCCCCCAAGATGTCCATGATATAATCCCTGGAACCTGTGGATATATTATATGGCAAGAGGGACTTTGCAGCTGTGACGGAGGATCTTGAGATGGGAAGATGATCTGGATTGTCTGGGTGGGCCCTGGGTAATCGTGGGGTACTTATAGAGGAAGGTTGGCAGATCAGAGAGAGGGAAGGAGATGTGAGACTGGAAAAAGGTCAGAGTCAGAGAGATCTGAAGGTGCCCTGTTGCTGAC
SEQUENCE_TARGET=199,1
PRIMER_FIRST_BASE_INDEX=1
PRIMER_TASK=pick_detection_primers
PRIMER_MIN_THREE_PRIME_DISTANCE=3
PRIMER_MAX_LIBRARY_MISPRIMING=12.00
PRIMER_PAIR_MAX_LIBRARY_MISPRIMING=20.00
PRIMER_PRODUCT_SIZE_RANGE=200-400
PRIMER_MAX_END_STABILITY=9.0
PRIMER_MAX_SELF_ANY_TH=45.00
PRIMER_MAX_SELF_END_TH=35.00
PRIMER_PAIR_MAX_COMPL_ANY_TH=45.00
PRIMER_PAIR_MAX_COMPL_END_TH=35.00
PRIMER_MAX_HAIRPIN_TH=24.00
PRIMER_MAX_TEMPLATE_MISPRIMING_TH=40.00
PRIMER_PAIR_MAX_TEMPLATE_MISPRIMING_TH=70.00
PRIMER_TM_FORMULA=1
PRIMER_SALT_CORRECTIONS=1
PRIMER_SALT_MONOVALENT=50.0
PRIMER_INTERNAL_SALT_MONOVALENT=50.0
PRIMER_SALT_DIVALENT=1.5
PRIMER_INTERNAL_SALT_DIVALENT=1.5
PRIMER_DNTP_CONC=0.6
PRIMER_INTERNAL_DNTP_CONC=0.6
PRIMER_DNA_CONC=50.0
PRIMER_INTERNAL_DNA_CONC=50.0
PRIMER_THERMODYNAMIC_OLIGO_ALIGNMENT=1
PRIMER_THERMODYNAMIC_TEMPLATE_ALIGNMENT=1
PRIMER_THERMODYNAMIC_PARAMETERS_PATH=/hpcf/apps/primer3/install/2.4.0/src/primer3_config/
PRIMER_PICK_LEFT_PRIMER=1
PRIMER_PICK_RIGHT_PRIMER=1
PRIMER_PICK_INTERNAL_OLIGO=1
PRIMER_MAX_POLY_X=3
PRIMER_LEFT_NUM_RETURNED=5
PRIMER_RIGHT_NUM_RETURNED=5
PRIMER_OPT_SIZE=22
PRIMER_MIN_SIZE=18
PRIMER_MAX_SIZE=25
PRIMER_MIN_TM=57
PRIMER_OPT_TM=60
PRIMER_MAX_TM=63
PRIMER_MAX_NS_ACCEPTED=1
PRIMER_NUM_RETURN=5
P3_FILE_FLAG=1
PRIMER_EXPLAIN_FLAG=1
PRIMER_MISPRIMING_LIBRARY=../../tests/humrep.ref
PRIMER_MIN_GC=20
PRIMER_OPT_GC_PERCENT=50
PRIMER_MAX_GC=80
PRIMER_PAIR_MAX_DIFF_TM=3
PRIMER_LEFT_EXPLAIN=considered 948, GC content failed 3, low tm 214, high tm 326, high hairpin stability 212, high repeat similarity 11, long poly-x seq 78, ok 104
PRIMER_RIGHT_EXPLAIN=considered 960, low tm 397, high tm 173, high hairpin stability 177, high repeat similarity 54, long poly-x seq 42, ok 117
PRIMER_INTERNAL_EXPLAIN=considered 3632, GC content failed 20, low tm 886, high tm 1429, high hairpin stability 38, long poly-x seq 22, ok 1237
PRIMER_PAIR_EXPLAIN=considered 101, unacceptable product size 72, tm diff too large 1, high mispriming library similarity 21, primer in pair overlaps a primer in a better pair 160, ok 7
PRIMER_LEFT_NUM_RETURNED=5
PRIMER_RIGHT_NUM_RETURNED=5
PRIMER_INTERNAL_NUM_RETURNED=5
PRIMER_PAIR_NUM_RETURNED=5
PRIMER_PAIR_0_PENALTY=0.526189
PRIMER_LEFT_0_PENALTY=0.106338
PRIMER_RIGHT_0_PENALTY=0.419851
PRIMER_INTERNAL_0_PENALTY=0.034896
PRIMER_LEFT_0_SEQUENCE=TCCACATCTTTGCTCCAGTTGA
PRIMER_RIGHT_0_SEQUENCE=CTCTGATCTGCCAACCTTCCTC
PRIMER_INTERNAL_0_SEQUENCE=TGTCCGGCTTGACTTCTTCC
PRIMER_LEFT_0=15,22
PRIMER_RIGHT_0=331,22
PRIMER_INTERNAL_0=61,20
PRIMER_LEFT_0_TM=59.894
PRIMER_RIGHT_0_TM=60.420
PRIMER_INTERNAL_0_TM=59.965
PRIMER_LEFT_0_GC_PERCENT=45.455
PRIMER_RIGHT_0_GC_PERCENT=54.545
PRIMER_INTERNAL_0_GC_PERCENT=55.000
PRIMER_INTERNAL_0_SELF_ANY_TH=0.00
PRIMER_LEFT_0_SELF_ANY_TH=0.00
PRIMER_RIGHT_0_SELF_ANY_TH=0.00
PRIMER_INTERNAL_0_SELF_END_TH=0.00
PRIMER_LEFT_0_SELF_END_TH=0.00
PRIMER_RIGHT_0_SELF_END_TH=0.00
PRIMER_LEFT_0_HAIRPIN_TH=0.00
PRIMER_RIGHT_0_HAIRPIN_TH=0.00
PRIMER_INTERNAL_0_HAIRPIN_TH=36.21
PRIMER_LEFT_0_LIBRARY_MISPRIMING=12.00, reverse THE1BR THE-1B Mammalian LTR retrotransposon internal sequence - a consensus
PRIMER_RIGHT_0_LIBRARY_MISPRIMING=12.00, SVA Composite retroposon
PRIMER_PAIR_0_LIBRARY_MISPRIMING=20.00, reverse THE1BR THE-1B Mammalian LTR retrotransposon internal sequence - a consensus
PRIMER_LEFT_0_END_STABILITY=3.1800
PRIMER_RIGHT_0_END_STABILITY=3.7100
PRIMER_LEFT_0_TEMPLATE_MISPRIMING_TH=11.5451
PRIMER_RIGHT_0_TEMPLATE_MISPRIMING_TH=22.2599
PRIMER_PAIR_0_COMPL_ANY_TH=0.00
PRIMER_PAIR_0_COMPL_END_TH=0.00
PRIMER_PAIR_0_PRODUCT_SIZE=317
PRIMER_PAIR_0_TEMPLATE_MISPRIMING_TH=33.80
PRIMER_PAIR_1_PENALTY=1.503333
PRIMER_LEFT_1_PENALTY=1.004044
PRIMER_RIGHT_1_PENALTY=0.499289
PRIMER_INTERNAL_1_PENALTY=0.034896
PRIMER_LEFT_1_SEQUENCE=ACCTCCACATCTTTGCTCCAG
PRIMER_RIGHT_1_SEQUENCE=TCTCTCTGATCTGCCAACCTTC
PRIMER_INTERNAL_1_SEQUENCE=TGTCCGGCTTGACTTCTTCC
PRIMER_LEFT_1=12,21
PRIMER_RIGHT_1=334,22
PRIMER_INTERNAL_1=61,20
PRIMER_LEFT_1_TM=59.996
PRIMER_RIGHT_1_TM=59.501
PRIMER_INTERNAL_1_TM=59.965
PRIMER_LEFT_1_GC_PERCENT=52.381
PRIMER_RIGHT_1_GC_PERCENT=50.000
PRIMER_INTERNAL_1_GC_PERCENT=55.000
PRIMER_INTERNAL_1_SELF_ANY_TH=0.00
PRIMER_LEFT_1_SELF_ANY_TH=0.00
PRIMER_RIGHT_1_SELF_ANY_TH=0.00
PRIMER_INTERNAL_1_SELF_END_TH=0.00
PRIMER_LEFT_1_SELF_END_TH=0.00
PRIMER_RIGHT_1_SELF_END_TH=0.00
PRIMER_LEFT_1_HAIRPIN_TH=0.00
PRIMER_RIGHT_1_HAIRPIN_TH=0.00
PRIMER_INTERNAL_1_HAIRPIN_TH=36.21
PRIMER_LEFT_1_LIBRARY_MISPRIMING=12.00, reverse THE1BR THE-1B Mammalian LTR retrotransposon internal sequence - a consensus
PRIMER_RIGHT_1_LIBRARY_MISPRIMING=10.00, L1 Human L1 interspersed repetitive sequence - full length copy
PRIMER_PAIR_1_LIBRARY_MISPRIMING=20.00, reverse L1 Human L1 interspersed repetitive sequence - full length copy
PRIMER_LEFT_1_END_STABILITY=3.8600
PRIMER_RIGHT_1_END_STABILITY=3.4600
PRIMER_LEFT_1_TEMPLATE_MISPRIMING_TH=17.4404
PRIMER_RIGHT_1_TEMPLATE_MISPRIMING_TH=23.9815
PRIMER_PAIR_1_COMPL_ANY_TH=0.00
PRIMER_PAIR_1_COMPL_END_TH=0.00
PRIMER_PAIR_1_PRODUCT_SIZE=323
PRIMER_PAIR_1_TEMPLATE_MISPRIMING_TH=41.42
PRIMER_PAIR_2_PENALTY=1.617646
PRIMER_LEFT_2_PENALTY=1.057033
PRIMER_RIGHT_2_PENALTY=0.560613
PRIMER_INTERNAL_2_PENALTY=0.034896
PRIMER_LEFT_2_SEQUENCE=ACATCTTTGCTCCAGTTGAATGC
PRIMER_RIGHT_2_SEQUENCE=TTCCCTCTCTCTGATCTGCCAA
PRIMER_INTERNAL_2_SEQUENCE=TGTCCGGCTTGACTTCTTCC
PRIMER_LEFT_2=18,23
PRIMER_RIGHT_2=339,22
PRIMER_INTERNAL_2=61,20
PRIMER_LEFT_2_TM=60.057
PRIMER_RIGHT_2_TM=60.561
PRIMER_INTERNAL_2_TM=59.965
PRIMER_LEFT_2_GC_PERCENT=43.478
PRIMER_RIGHT_2_GC_PERCENT=50.000
PRIMER_INTERNAL_2_GC_PERCENT=55.000
PRIMER_INTERNAL_2_SELF_ANY_TH=0.00
PRIMER_LEFT_2_SELF_ANY_TH=0.00
PRIMER_RIGHT_2_SELF_ANY_TH=0.00
PRIMER_INTERNAL_2_SELF_END_TH=0.00
PRIMER_LEFT_2_SELF_END_TH=0.00
PRIMER_RIGHT_2_SELF_END_TH=0.00
PRIMER_LEFT_2_HAIRPIN_TH=0.00
PRIMER_RIGHT_2_HAIRPIN_TH=0.00
PRIMER_INTERNAL_2_HAIRPIN_TH=36.21
PRIMER_LEFT_2_LIBRARY_MISPRIMING=11.00, reverse L1 Human L1 interspersed repetitive sequence - full length copy
PRIMER_RIGHT_2_LIBRARY_MISPRIMING=11.00, L1 Human L1 interspersed repetitive sequence - full length copy
PRIMER_PAIR_2_LIBRARY_MISPRIMING=20.00, L1 Human L1 interspersed repetitive sequence - full length copy
PRIMER_LEFT_2_END_STABILITY=3.5600
PRIMER_RIGHT_2_END_STABILITY=4.5200
PRIMER_LEFT_2_TEMPLATE_MISPRIMING_TH=17.4173
PRIMER_RIGHT_2_TEMPLATE_MISPRIMING_TH=16.5724
PRIMER_PAIR_2_COMPL_ANY_TH=0.00
PRIMER_PAIR_2_COMPL_END_TH=0.00
PRIMER_PAIR_2_PRODUCT_SIZE=322
PRIMER_PAIR_2_TEMPLATE_MISPRIMING_TH=33.99
PRIMER_PAIR_3_PENALTY=2.641787
PRIMER_LEFT_3_PENALTY=1.952367
PRIMER_RIGHT_3_PENALTY=0.689421
PRIMER_INTERNAL_3_PENALTY=0.034896
PRIMER_LEFT_3_SEQUENCE=CCCACCTCCACATCTTTGCTC
PRIMER_RIGHT_3_SEQUENCE=TCCTTCCCTCTCTCTGATCTGC
PRIMER_INTERNAL_3_SEQUENCE=TGTCCGGCTTGACTTCTTCC
PRIMER_LEFT_3=9,21
PRIMER_RIGHT_3=342,22
PRIMER_INTERNAL_3=61,20
PRIMER_LEFT_3_TM=60.952
PRIMER_RIGHT_3_TM=60.689
PRIMER_INTERNAL_3_TM=59.965
PRIMER_LEFT_3_GC_PERCENT=57.143
PRIMER_RIGHT_3_GC_PERCENT=54.545
PRIMER_INTERNAL_3_GC_PERCENT=55.000
PRIMER_INTERNAL_3_SELF_ANY_TH=0.00
PRIMER_LEFT_3_SELF_ANY_TH=0.00
PRIMER_RIGHT_3_SELF_ANY_TH=0.00
PRIMER_INTERNAL_3_SELF_END_TH=0.00
PRIMER_LEFT_3_SELF_END_TH=0.00
PRIMER_RIGHT_3_SELF_END_TH=0.00
PRIMER_LEFT_3_HAIRPIN_TH=0.00
PRIMER_RIGHT_3_HAIRPIN_TH=0.00
PRIMER_INTERNAL_3_HAIRPIN_TH=36.21
PRIMER_LEFT_3_LIBRARY_MISPRIMING=12.00, MER7B Nonautonomous DNA transposon
PRIMER_RIGHT_3_LIBRARY_MISPRIMING=12.00, L1 Human L1 interspersed repetitive sequence - full length copy
PRIMER_PAIR_3_LIBRARY_MISPRIMING=20.00, L1 Human L1 interspersed repetitive sequence - full length copy
PRIMER_LEFT_3_END_STABILITY=4.2600
PRIMER_RIGHT_3_END_STABILITY=4.2600
PRIMER_LEFT_3_TEMPLATE_MISPRIMING_TH=24.2438
PRIMER_RIGHT_3_TEMPLATE_MISPRIMING_TH=30.2516
PRIMER_PAIR_3_COMPL_ANY_TH=0.00
PRIMER_PAIR_3_COMPL_END_TH=0.00
PRIMER_PAIR_3_PRODUCT_SIZE=334
PRIMER_PAIR_3_TEMPLATE_MISPRIMING_TH=54.50
PRIMER_PAIR_4_PENALTY=3.426096
PRIMER_LEFT_4_PENALTY=2.035458
PRIMER_RIGHT_4_PENALTY=1.390639
PRIMER_INTERNAL_4_PENALTY=0.112995
PRIMER_LEFT_4_SEQUENCE=AGTGTCAGCCTGTGGTAAGC
PRIMER_RIGHT_4_SEQUENCE=CTGATCTGCCAACCTTCCTCTAT
PRIMER_INTERNAL_4_SEQUENCE=ATGGCAAGAGGGACTTTGCA
PRIMER_LEFT_4=130,20
PRIMER_RIGHT_4=329,23
PRIMER_INTERNAL_4=212,20
PRIMER_LEFT_4_TM=59.965
PRIMER_RIGHT_4_TM=59.609
PRIMER_INTERNAL_4_TM=59.887
PRIMER_LEFT_4_GC_PERCENT=55.000
PRIMER_RIGHT_4_GC_PERCENT=47.826
PRIMER_INTERNAL_4_GC_PERCENT=50.000
PRIMER_INTERNAL_4_SELF_ANY_TH=10.83
PRIMER_LEFT_4_SELF_ANY_TH=0.00
PRIMER_RIGHT_4_SELF_ANY_TH=0.00
PRIMER_INTERNAL_4_SELF_END_TH=0.00
PRIMER_LEFT_4_SELF_END_TH=0.00
PRIMER_RIGHT_4_SELF_END_TH=0.00
PRIMER_LEFT_4_HAIRPIN_TH=0.00
PRIMER_RIGHT_4_HAIRPIN_TH=0.00
PRIMER_INTERNAL_4_HAIRPIN_TH=46.37
PRIMER_LEFT_4_LIBRARY_MISPRIMING=11.00, reverse L1MA2 3'-end of L1 repeat (subfamily L1MA2) - a consensus sequence
PRIMER_RIGHT_4_LIBRARY_MISPRIMING=12.00, L1 Human L1 interspersed repetitive sequence - full length copy
PRIMER_PAIR_4_LIBRARY_MISPRIMING=19.00, L1 Human L1 interspersed repetitive sequence - full length copy
PRIMER_LEFT_4_END_STABILITY=3.0900
PRIMER_RIGHT_4_END_STABILITY=1.9800
PRIMER_LEFT_4_TEMPLATE_MISPRIMING_TH=14.8958
PRIMER_RIGHT_4_TEMPLATE_MISPRIMING_TH=10.3642
PRIMER_PAIR_4_COMPL_ANY_TH=0.00
PRIMER_PAIR_4_COMPL_END_TH=0.00
PRIMER_PAIR_4_PRODUCT_SIZE=200
PRIMER_PAIR_4_TEMPLATE_MISPRIMING_TH=21.06
=
SEQUENCE_ID=sample2_gene2_chr2:30000000__
SEQUENCE_TEMPLATE=CTCTCAAGTCAGTAATCTTCTACCTCAAGAAACTGAAAAAAGACGAGTAAAAACCCAAAGCAAAAAGAAGGAAGAAAATAATGGAATTAGAGCAGAAATAAATGAAATAGAAAATAGAAAAACAACAGAAATTTTAAACATTGGTCCTTTGAAAAGATCAATAAAATTGACAAACTTTTAGCCTGAATGACCAGAAAAAAAAAAGAGAAGATTAAAATTACTAAAAGAAAGAAAGATGGAACATTACTACCAACCATACATAAATGGAAAAAAATTATAATACTATGAACAAAGTATGTCCACAAATTAGATTACCTAGATGAAATGGACAAATTCCTAGAAACACATAACCTACTGACTTAAAAGGAAACAAAATCTGAACAGACCTATAACAAGTAAA
SEQUENCE_TARGET=199,1
PRIMER_FIRST_BASE_INDEX=1
PRIMER_TASK=pick_detection_primers
PRIMER_MIN_THREE_PRIME_DISTANCE=3
PRIMER_MAX_LIBRARY_MISPRIMING=12.00
PRIMER_PAIR_MAX_LIBRARY_MISPRIMING=20.00
PRIMER_PRODUCT_SIZE_RANGE=200-400
PRIMER_MAX_END_STABILITY=9.0
PRIMER_MAX_SELF_ANY_TH=45.00
PRIMER_MAX_SELF_END_TH=35.00
PRIMER_PAIR_MAX_COMPL_ANY_TH=45.00
PRIMER_PAIR_MAX_COMPL_END_TH=35.00
PRIMER_MAX_HAIRPIN_TH=24.00
PRIMER_MAX_TEMPLATE_MISPRIMING_TH=40.00
PRIMER_PAIR_MAX_TEMPLATE_MISPRIMING_TH=70.00
PRIMER_TM_FORMULA=1
PRIMER_SALT_CORRECTIONS=1
PRIMER_SALT_MONOVALENT=50.0
PRIMER_INTERNAL_SALT_MONOVALENT=50.0
PRIMER_SALT_DIVALENT=1.5
PRIMER_INTERNAL_SALT_DIVALENT=1.5
PRIMER_DNTP_CONC=0.6
PRIMER_INTERNAL_DNTP_CONC=0.6
PRIMER_DNA_CONC=50.0
PRIMER_INTERNAL_DNA_CONC=50.0
PRIMER_THERMODYNAMIC_OLIGO_ALIGNMENT=1
PRIMER_THERMODYNAMIC_TEMPLATE_ALIGNMENT=1
PRIMER_THERMODYNAMIC_PARAMETERS_PATH=/hpcf/apps/primer3/install/2.4.0/src/primer3_config/
PRIMER_PICK_LEFT_PRIMER=1
PRIMER_PICK_RIGHT_PRIMER=1
PRIMER_PICK_INTERNAL_OLIGO=1
PRIMER_MAX_POLY_X=3
PRIMER_LEFT_NUM_RETURNED=5
PRIMER_RIGHT_NUM_RETURNED=5
PRIMER_OPT_SIZE=22
PRIMER_MIN_SIZE=18
PRIMER_MAX_SIZE=25
PRIMER_MIN_TM=57
PRIMER_OPT_TM=60
PRIMER_MAX_TM=63
PRIMER_MAX_NS_ACCEPTED=1
PRIMER_NUM_RETURN=5
P3_FILE_FLAG=1
PRIMER_EXPLAIN_FLAG=1
PRIMER_MISPRIMING_LIBRARY=../../tests/humrep.ref
PRIMER_MIN_GC=20
PRIMER_OPT_GC_PERCENT=50
PRIMER_MAX_GC=80
PRIMER_PAIR_MAX_DIFF_TM=3
PRIMER_LEFT_EXPLAIN=considered 580, GC content failed 145, low tm 294, long poly-x seq 137, ok 4
PRIMER_RIGHT_EXPLAIN=considered 1134, GC content failed 257, low tm 801, high hairpin stability 9, high repeat similarity 3, long poly-x seq 57, ok 7
PRIMER_INTERNAL_EXPLAIN=considered 3469, GC content failed 672, low tm 2380, high hairpin stability 46, long poly-x seq 47, ok 324
PRIMER_PAIR_EXPLAIN=considered 1, primer in pair overlaps a primer in a better pair 22, ok 1
PRIMER_LEFT_NUM_RETURNED=1
PRIMER_RIGHT_NUM_RETURNED=1
PRIMER_INTERNAL_NUM_RETURNED=1
PRIMER_PAIR_NUM_RETURNED=1
PRIMER_PAIR_0_PENALTY=9.170284
PRIMER_LEFT_0_PENALTY=5.397892
PRIMER_RIGHT_0_PENALTY=3.772393
PRIMER_INTERNAL_0_PENALTY=3.547746
PRIMER_LEFT_0_SEQUENCE=CTCAAGTCAGTAATCTTCTACCTCA
PRIMER_RIGHT_0_SEQUENCE=TGGTTGGTAGTAATGTTCCATCT
PRIMER_INTERNAL_0_SEQUENCE=AGACGAGTAAAAACCCAAAGCA
PRIMER_LEFT_0=3,25
PRIMER_RIGHT_0=256,23
PRIMER_INTERNAL_0=41,22
PRIMER_LEFT_0_TM=57.602
PRIMER_RIGHT_0_TM=57.228
PRIMER_INTERNAL_0_TM=58.452
PRIMER_LEFT_0_GC_PERCENT=40.000
PRIMER_RIGHT_0_GC_PERCENT=39.130
PRIMER_INTERNAL_0_GC_PERCENT=40.909
PRIMER_INTERNAL_0_SELF_ANY_TH=0.00
PRIMER_LEFT_0_SELF_ANY_TH=0.00
PRIMER_RIGHT_0_SELF_ANY_TH=0.00
PRIMER_INTERNAL_0_SELF_END_TH=0.00
PRIMER_LEFT_0_SELF_END_TH=0.00
PRIMER_RIGHT_0_SELF_END_TH=0.00
PRIMER_LEFT_0_HAIRPIN_TH=0.00
PRIMER_RIGHT_0_HAIRPIN_TH=0.00
PRIMER_INTERNAL_0_HAIRPIN_TH=0.00
PRIMER_LEFT_0_LIBRARY_MISPRIMING=11.00, reverse LTR11 LTR from human HTLV-I related endogenous retroviral sequence (HRES-1/1)
PRIMER_RIGHT_0_LIBRARY_MISPRIMING=12.00, L1 Human L1 interspersed repetitive sequence - full length copy
PRIMER_PAIR_0_LIBRARY_MISPRIMING=20.00, L1 Human L1 interspersed repetitive sequence - full length copy
PRIMER_LEFT_0_END_STABILITY=3.8600
PRIMER_RIGHT_0_END_STABILITY=2.9000
PRIMER_LEFT_0_TEMPLATE_MISPRIMING_TH=9.6157
PRIMER_RIGHT_0_TEMPLATE_MISPRIMING_TH=5.9286
PRIMER_PAIR_0_COMPL_ANY_TH=0.04
PRIMER_PAIR_0_COMPL_END_TH=0.00
PRIMER_PAIR_0_PRODUCT_SIZE=254
PRIMER_PAIR_0_TEMPLATE_MISPRIMING_TH=15.39
=
SEQUENCE_ID=sample3_gene3_chr3:45000000__
SEQUENCE_TEMPLATE=TCATCAGTGGATGGGTGATATACTGAATAGATTGAGTCCATGTTTGAAGCGAGGTGGTGGAAATCTGTGAAGCAATCCTTGAAGCAAGATAGTAGAAAAGAAACCTCCTAATTTCTTTTTACCAACTGGTCTGGTTAGTCCTCAGACAGAGCCCATGTTCAAACAGATATTTGCTGGGCACCCTGCCATGTTTTCATACTTACTTACTTCAAACCTATTACAGTCAGATGACCCACCTGTTTCCAGTATTGGTTTTTTTCCCCTCAGTTCGGTTATTTTATGAGAGTGAAAATTTAACTTCATGGAAATTTCACTTTGCTTTGCTCTTTATAGTTCTCTAATGGCATCAGTTTTTACTCCAAGAGGGAAACCTGTTAGAACTTTGCTGCACTAACAACAC
SEQUENCE_TARGET=199,1
PRIMER_FIRST_BASE_INDEX=1
PRIMER_TASK=pick_detection_primers
PRIMER_MIN_THREE_PRIME_DISTANCE=3
PRIMER_MAX_LIBRARY_MISPRIMING=12.00
PRIMER_PAIR_MAX_LIBRARY_MISPRIMING=20.00
PRIMER_PRODUCT_SIZE_RANGE=200-400
PRIMER_MAX_END_STABILITY=9.0
PRIMER_MAX_SELF_ANY_TH=45.00
PRIMER_MAX_SELF_END_TH=35.00
PRIMER_PAIR_MAX_COMPL_ANY_TH=45.00
PRIMER_PAIR_MAX_COMPL_END_TH=35.00
PRIMER_MAX_HAIRPIN_TH=24.00
PRIMER_MAX_TEMPLATE_MISPRIMING_TH=40.00
PRIMER_PAIR_MAX_TEMPLATE_MISPRIMING_TH=70.00
PRIMER_TM_FORMULA=1
PRIMER_SALT_CORRECTIONS=1
PRIMER_SALT_MONOVALENT=50.0
PRIMER_INTERNAL_SALT_MONOVALENT=50.0
PRIMER_SALT_DIVALENT=1.5
PRIMER_INTERNAL_SALT_DIVALENT=1.5
PRIMER_DNTP_CONC=0.6
PRIMER_INTERNAL_DNTP_CONC=0.6
PRIMER_DNA_CONC=50.0
PRIMER_INTERNAL_DNA_CONC=50.0
PRIMER_THERMODYNAMIC_OLIGO_ALIGNMENT=1
PRIMER_THERMODYNAMIC_TEMPLATE_ALIGNMENT=1
PRIMER_THERMODYNAMIC_PARAMETERS_PATH=/hpcf/apps/primer3/install/2.4.0/src/primer3_config/
PRIMER_PICK_LEFT_PRIMER=1
PRIMER_PICK_RIGHT_PRIMER=1
PRIMER_PICK_INTERNAL_OLIGO=1
PRIMER_MAX_POLY_X=3
PRIMER_LEFT_NUM_RETURNED=5
PRIMER_RIGHT_NUM_RETURNED=5
PRIMER_OPT_SIZE=22
PRIMER_MIN_SIZE=18
PRIMER_MAX_SIZE=25
PRIMER_MIN_TM=57
PRIMER_OPT_TM=60
PRIMER_MAX_TM=63
PRIMER_MAX_NS_ACCEPTED=1
PRIMER_NUM_RETURN=5
P3_FILE_FLAG=1
PRIMER_EXPLAIN_FLAG=1
PRIMER_MISPRIMING_LIBRARY=../../tests/humrep.ref
PRIMER_MIN_GC=20
PRIMER_OPT_GC_PERCENT=50
PRIMER_MAX_GC=80
PRIMER_PAIR_MAX_DIFF_TM=3
PRIMER_LEFT_EXPLAIN=considered 1118, low tm 529, high tm 138, high hairpin stability 263, high repeat similarity 5, long poly-x seq 48, ok 135
PRIMER_RIGHT_EXPLAIN=considered 922, GC content failed 3, low tm 606, high tm 10, high hairpin stability 167, high repeat similarity 9, long poly-x seq 81, ok 46
PRIMER_INTERNAL_EXPLAIN=considered 3623, GC content failed 27, low tm 2068, high tm 376, high hairpin stability 231, long poly-x seq 23, ok 898
PRIMER_PAIR_EXPLAIN=considered 47, tm diff too large 3, high mispriming library similarity 39, primer in pair overlaps a primer in a better pair 95, ok 5
PRIMER_LEFT_NUM_RETURNED=5
PRIMER_RIGHT_NUM_RETURNED=5
PRIMER_INTERNAL_NUM_RETURNED=5
PRIMER_PAIR_NUM_RETURNED=5
PRIMER_PAIR_0_PENALTY=1.837214
PRIMER_LEFT_0_PENALTY=0.549992
PRIMER_RIGHT_0_PENALTY=1.287222
PRIMER_INTERNAL_0_PENALTY=0.042431
PRIMER_LEFT_0_SEQUENCE=CGAGGTGGTGGAAATCTGTGAA
PRIMER_RIGHT_0_SEQUENCE=TGCAGCAAAGTTCTAACAGGTT
PRIMER_INTERNAL_0_SEQUENCE=AGTCCTCAGACAGAGCCCAT
PRIMER_LEFT_0=50,22
PRIMER_RIGHT_0=390,22
PRIMER_INTERNAL_0=137,20
PRIMER_LEFT_0_TM=60.550
PRIMER_RIGHT_0_TM=58.713
PRIMER_INTERNAL_0_TM=59.958
PRIMER_LEFT_0_GC_PERCENT=50.000
PRIMER_RIGHT_0_GC_PERCENT=40.909
PRIMER_INTERNAL_0_GC_PERCENT=55.000
PRIMER_INTERNAL_0_SELF_ANY_TH=0.00
PRIMER_LEFT_0_SELF_ANY_TH=0.00
PRIMER_RIGHT_0_SELF_ANY_TH=0.00
PRIMER_INTERNAL_0_SELF_END_TH=0.00
PRIMER_LEFT_0_SELF_END_TH=0.00
PRIMER_RIGHT_0_SELF_END_TH=0.00
PRIMER_LEFT_0_HAIRPIN_TH=0.00
PRIMER_RIGHT_0_HAIRPIN_TH=0.00
PRIMER_INTERNAL_0_HAIRPIN_TH=46.15
PRIMER_LEFT_0_LIBRARY_MISPRIMING=11.00, Tigger1 Autonomous DNA transposon
PRIMER_RIGHT_0_LIBRARY_MISPRIMING=12.00, THE1BR THE-1B Mammalian LTR retrotransposon internal sequence - a consensus
PRIMER_PAIR_0_LIBRARY_MISPRIMING=20.00, L1MA9 3'-end of L1 repeat (subfamily L1MA9) - a consensus sequence
PRIMER_LEFT_0_END_STABILITY=3.1800
PRIMER_RIGHT_0_END_STABILITY=3.5000
PRIMER_LEFT_0_TEMPLATE_MISPRIMING_TH=17.6790
PRIMER_RIGHT_0_TEMPLATE_MISPRIMING_TH=18.2351
PRIMER_PAIR_0_COMPL_ANY_TH=0.00
PRIMER_PAIR_0_COMPL_END_TH=0.00
PRIMER_PAIR_0_PRODUCT_SIZE=341
PRIMER_PAIR_0_TEMPLATE_MISPRIMING_TH=35.91
PRIMER_PAIR_1_PENALTY=2.116926
PRIMER_LEFT_1_PENALTY=0.227388
PRIMER_RIGHT_1_PENALTY=1.889538
PRIMER_INTERNAL_1_PENALTY=0.609662
PRIMER_LEFT_1_SEQUENCE=CAGACAGAGCCCATGTTCAAAC
PRIMER_RIGHT_1_SEQUENCE=AGCAAAGTTCTAACAGGTTTCCC
PRIMER_INTERNAL_1_SEQUENCE=GCACCCTGCCATGTTTTCAT
PRIMER_LEFT_1=143,22
PRIMER_RIGHT_1=387,23
PRIMER_INTERNAL_1=178,20
PRIMER_LEFT_1_TM=59.773
PRIMER_RIGHT_1_TM=59.110
PRIMER_INTERNAL_1_TM=59.390
PRIMER_LEFT_1_GC_PERCENT=50.000
PRIMER_RIGHT_1_GC_PERCENT=43.478
PRIMER_INTERNAL_1_GC_PERCENT=50.000
PRIMER_INTERNAL_1_SELF_ANY_TH=0.00
PRIMER_LEFT_1_SELF_ANY_TH=0.00
PRIMER_RIGHT_1_SELF_ANY_TH=0.00
PRIMER_INTERNAL_1_SELF_END_TH=0.00
PRIMER_LEFT_1_SELF_END_TH=0.00
PRIMER_RIGHT_1_SELF_END_TH=0.00
PRIMER_LEFT_1_HAIRPIN_TH=0.00
PRIMER_RIGHT_1_HAIRPIN_TH=0.00
PRIMER_INTERNAL_1_HAIRPIN_TH=37.42
PRIMER_LEFT_1_LIBRARY_MISPRIMING=12.00, reverse LTR11 LTR from human HTLV-I related endogenous retroviral sequence (HRES-1/1)
PRIMER_RIGHT_1_LIBRARY_MISPRIMING=11.00, L1MA5 3'-end of L1 repeat (subfamily L1MA5) - a consensus sequence
PRIMER_PAIR_1_LIBRARY_MISPRIMING=20.00, L1MA5 3'-end of L1 repeat (subfamily L1MA5) - a consensus sequence
PRIMER_LEFT_1_END_STABILITY=2.9300
PRIMER_RIGHT_1_END_STABILITY=3.9700
PRIMER_LEFT_1_TEMPLATE_MISPRIMING_TH=18.8088
PRIMER_RIGHT_1_TEMPLATE_MISPRIMING_TH=19.5561
PRIMER_PAIR_1_COMPL_ANY_TH=0.00
PRIMER_PAIR_1_COMPL_END_TH=0.00
PRIMER_PAIR_1_PRODUCT_SIZE=245
PRIMER_PAIR_1_TEMPLATE_MISPRIMING_TH=35.71
PRIMER_PAIR_2_PENALTY=2.763094
PRIMER_LEFT_2_PENALTY=1.069022
PRIMER_RIGHT_2_PENALTY=1.694072
PRIMER_INTERNAL_2_PENALTY=0.042431
PRIMER_LEFT_2_SEQUENCE=CATGTTTGAAGCGAGGTGGTG
PRIMER_RIGHT_2_SEQUENCE=TGTTGTTAGTGCAGCAAAGTTCT
PRIMER_INTERNAL_2_SEQUENCE=AGTCCTCAGACAGAGCCCAT
PRIMER_LEFT_2=39,21
PRIMER_RIGHT_2=399,23
PRIMER_INTERNAL_2=137,20
PRIMER_LEFT_2_TM=60.069
PRIMER_RIGHT_2_TM=59.306
PRIMER_INTERNAL_2_TM=59.958
PRIMER_LEFT_2_GC_PERCENT=52.381
PRIMER_RIGHT_2_GC_PERCENT=39.130
PRIMER_INTERNAL_2_GC_PERCENT=55.000
PRIMER_INTERNAL_2_SELF_ANY_TH=0.00
PRIMER_LEFT_2_SELF_ANY_TH=0.00
PRIMER_RIGHT_2_SELF_ANY_TH=0.00
PRIMER_INTERNAL_2_SELF_END_TH=0.00
PRIMER_LEFT_2_SELF_END_TH=0.00
PRIMER_RIGHT_2_SELF_END_TH=0.00
PRIMER_LEFT_2_HAIRPIN_TH=0.00
PRIMER_RIGHT_2_HAIRPIN_TH=0.00
PRIMER_INTERNAL_2_HAIRPIN_TH=46.15
PRIMER_LEFT_2_LIBRARY_MISPRIMING=11.00, reverse MARINER1 Human mariner
PRIMER_RIGHT_2_LIBRARY_MISPRIMING=12.00, THE1BR THE-1B Mammalian LTR retrotransposon internal sequence - a consensus
PRIMER_PAIR_2_LIBRARY_MISPRIMING=20.00, Tigger1 Autonomous DNA transposon
PRIMER_LEFT_2_END_STABILITY=4.1700
PRIMER_RIGHT_2_END_STABILITY=3.0100
PRIMER_LEFT_2_TEMPLATE_MISPRIMING_TH=17.1107
PRIMER_RIGHT_2_TEMPLATE_MISPRIMING_TH=19.1577
PRIMER_PAIR_2_COMPL_ANY_TH=0.00
PRIMER_PAIR_2_COMPL_END_TH=0.00
PRIMER_PAIR_2_PRODUCT_SIZE=361
PRIMER_PAIR_2_TEMPLATE_MISPRIMING_TH=36.27
PRIMER_PAIR_3_PENALTY=3.887935
PRIMER_LEFT_3_PENALTY=1.119352
PRIMER_RIGHT_3_PENALTY=2.768583
PRIMER_INTERNAL_3_PENALTY=0.042431
PRIMER_LEFT_3_SEQUENCE=GGTGGAAATCTGTGAAGCAATCC
PRIMER_RIGHT_3_SEQUENCE=AGCAAAGCAAAGTGAAATTTCCA
PRIMER_INTERNAL_3_SEQUENCE=AGTCCTCAGACAGAGCCCAT
PRIMER_LEFT_3=56,23
PRIMER_RIGHT_3=325,23
PRIMER_INTERNAL_3=137,20
PRIMER_LEFT_3_TM=60.119
PRIMER_RIGHT_3_TM=58.231
PRIMER_INTERNAL_3_TM=59.958
PRIMER_LEFT_3_GC_PERCENT=47.826
PRIMER_RIGHT_3_GC_PERCENT=34.783
PRIMER_INTERNAL_3_GC_PERCENT=55.000
PRIMER_INTERNAL_3_SELF_ANY_TH=0.00
PRIMER_LEFT_3_SELF_ANY_TH=0.00
PRIMER_RIGHT_3_SELF_ANY_TH=15.48
PRIMER_INTERNAL_3_SELF_END_TH=0.00
PRIMER_LEFT_3_SELF_END_TH=0.00
PRIMER_RIGHT_3_SELF_END_TH=1.31
PRIMER_LEFT_3_HAIRPIN_TH=0.00
PRIMER_RIGHT_3_HAIRPIN_TH=0.00
PRIMER_INTERNAL_3_HAIRPIN_TH=46.15
PRIMER_LEFT_3_LIBRARY_MISPRIMING=12.00, L1PA11 3'-end of L1 repeat (subfamily L1PA11) - a consensus sequence
PRIMER_RIGHT_3_LIBRARY_MISPRIMING=12.00, reverse Tigger1 Autonomous DNA transposon
PRIMER_PAIR_3_LIBRARY_MISPRIMING=20.00, reverse L1 Human L1 interspersed repetitive sequence - full length copy
PRIMER_LEFT_3_END_STABILITY=3.0100
PRIMER_RIGHT_3_END_STABILITY=3.5300
PRIMER_LEFT_3_TEMPLATE_MISPRIMING_TH=11.5930
PRIMER_RIGHT_3_TEMPLATE_MISPRIMING_TH=10.8051
PRIMER_PAIR_3_COMPL_ANY_TH=0.00
PRIMER_PAIR_3_COMPL_END_TH=0.00
PRIMER_PAIR_3_PRODUCT_SIZE=270
PRIMER_PAIR_3_TEMPLATE_MISPRIMING_TH=21.58
PRIMER_PAIR_4_PENALTY=4.576062
PRIMER_LEFT_4_PENALTY=1.339151
PRIMER_RIGHT_4_PENALTY=3.236911
PRIMER_INTERNAL_4_PENALTY=0.042431
PRIMER_LEFT_4_SEQUENCE=GAAGCGAGGTGGTGGAAATCT
PRIMER_RIGHT_4_SEQUENCE=GCAAAGCAAAGTGAAATTTCCATGA
PRIMER_INTERNAL_4_SEQUENCE=AGTCCTCAGACAGAGCCCAT
PRIMER_LEFT_4=46,21
PRIMER_RIGHT_4=324,25
PRIMER_INTERNAL_4=137,20
PRIMER_LEFT_4_TM=60.339
PRIMER_RIGHT_4_TM=59.763
PRIMER_INTERNAL_4_TM=59.958
PRIMER_LEFT_4_GC_PERCENT=52.381
PRIMER_RIGHT_4_GC_PERCENT=36.000
PRIMER_INTERNAL_4_GC_PERCENT=55.000
PRIMER_INTERNAL_4_SELF_ANY_TH=0.00
PRIMER_LEFT_4_SELF_ANY_TH=0.00
PRIMER_RIGHT_4_SELF_ANY_TH=15.48
PRIMER_INTERNAL_4_SELF_END_TH=0.00
PRIMER_LEFT_4_SELF_END_TH=0.00
PRIMER_RIGHT_4_SELF_END_TH=0.00
PRIMER_LEFT_4_HAIRPIN_TH=0.00
PRIMER_RIGHT_4_HAIRPIN_TH=0.00
PRIMER_INTERNAL_4_HAIRPIN_TH=46.15
PRIMER_LEFT_4_LIBRARY_MISPRIMING=10.00, L1MA5 3'-end of L1 repeat (subfamily L1MA5) - a consensus sequence
PRIMER_RIGHT_4_LIBRARY_MISPRIMING=12.00, reverse L1 Human L1 interspersed repetitive sequence - full length copy
PRIMER_PAIR_4_LIBRARY_MISPRIMING=20.00, L1MA9 3'-end of L1 repeat (subfamily L1MA9) - a consensus sequence
PRIMER_LEFT_4_END_STABILITY=2.4000
PRIMER_RIGHT_4_END_STABILITY=3.0700
PRIMER_LEFT_4_TEMPLATE_MISPRIMING_TH=17.9847
PRIMER_RIGHT_4_TEMPLATE_MISPRIMING_TH=13.9678
PRIMER_PAIR_4_COMPL_ANY_TH=3.73
PRIMER_PAIR_4_COMPL_END_TH=0.00
PRIMER_PAIR_4_PRODUCT_SIZE=279
PRIMER_PAIR_4_TEMPLATE_MISPRIMING_TH=24.58
=
