sample1_gene1_chr1:15000000__	TCCACATCTTTGCTCCAGTTGA	CTCTGATCTGCCAACCTTCCTC
sample1_gene1_chr1:15000000__	ACCTCCACATCTTTGCTCCAG	TCTCTCTGATCTGCCAACCTTC
sample1_gene1_chr1:15000000__	ACATCTTTGCTCCAGTTGAATGC	TTCCCTCTCTCTGATCTGCCAA
sample1_gene1_chr1:15000000__	CCCACCTCCACATCTTTGCTC	TCCTTCCCTCTCTCTGATCTGC
sample1_gene1_chr1:15000000__	AGTGTCAGCCTGTGGTAAGC	CTGATCTGCCAACCTTCCTCTAT
sample2_gene2_chr2:30000000__	CTCAAGTCAGTAATCTTCTACCTCA	TGGTTGGTAGTAATGTTCCATCT
sample3_gene3_chr3:45000000__	CGAGGTGGTGGAAATCTGTGAA	TGCAGCAAAGTTCTAACAGGTT
sample3_gene3_chr3:45000000__	CAGACAGAGCCCATGTTCAAAC	AGCAAAGTTCTAACAGGTTTCCC
sample3_gene3_chr3:45000000__	CATGTTTGAAGCGAGGTGGTG	TGTTGTTAGTGCAGCAAAGTTCT
sample3_gene3_chr3:45000000__	GGTGGAAATCTGTGAAGCAATCC	AGCAAAGCAAAGTGAAATTTCCA
sample3_gene3_chr3:45000000__	GAAGCGAGGTGGTGGAAATCT	GCAAAGCAAAGTGAAATTTCCATGA
