sample1_gene1_1:15000000-16000000__	ATAACCATGCCTACAACCCACA	GAGGCTGAAGTGGGAGGATTAC
sample1_gene1_1:15000000-16000000__	GGAACAAGTGACTGCCTGAAGA	AGTGGGAGGATTACTTGAGCTT
sample1_gene1_1:15000000-16000000__	TGCATGATGTGAAGGCAGTTTG	GTGCATACCTGTAGTTGTAGCT
sample1_gene1_1:15000000-16000000__	CAGGTGGTGGTTTCAAAGTGG	CTTAGGAGGTCGAGGCTTCAGT
sample1_gene1_1:15000000-16000000__	GTGGTTTCAAAGTGGCCCATTG	GCTTAGGAGGTCGAGGCTTC
sample2_gene2_2:30000000-30500000__	CCCAATCTACCATCAACTAGCTCT	TTTGGATTGTTCTGTGCACGTC
sample2_gene2_2:30000000-30500000__	GCTGAGTATGTGCTTAGGGAGG	ACAAACTATGACCATGAAGCTGT
sample2_gene2_2:30000000-30500000__	CCATCAACTAGCTCTGTAATTGGT	TTGTTCTGTGCACGTCTGTATC
sample2_gene2_2:30000000-30500000__	CTCCTCAAACTACAGCAAGGG	AGCAATGTAAGCAATGTAATCCCT
sample2_gene2_2:30000000-30500000__	AGTGGGAAGCTGAGTATGTGC	CAAACTATGACCATGAAGCTGTTAT
sample3_gene3_3:45000000-45500000__	AAACAAGCCACAGGAGGTCTTT	TCCTAGGTTCCTGTGATTCTCC
sample3_gene3_3:45000000-45500000__	TCTCTTAAACACACACGTCCCA	CCTCCTAGGTTCCTGTGATTC
sample3_gene3_3:45000000-45500000__	GCAGTGCTTTCCCTCTCTTAAACA	TGCCCACCACCACACCTG
