Sequence ID,Primer Rank,Primer Left Seq,Primer Right Seq,Primer Left Len,Primer Right Len,Primer Left TM,Primer Right TM,Primer Left GC %,Primer Right GC %,Primer3 Predicted Product,Primer Left Pos,Primer Right Pos,Sequence Name,Product Len,Product GC%
sample1_gene1_1:15000000-16000000__,0,ATAACCATGCCTACAACCCACA,GAGGCTGAAGTGGGAGGATTAC,22,22,59.69,60.159,45.455,54.545,357,5,361,sample1_gene1_1:15000000-16000000__,357,50.700280112044815
sample2_gene2_2:30000000-30500000__,0,CCCAATCTACCATCAACTAGCTCT,TTTGGATTGTTCTGTGCACGTC,24,22,59.653999999999996,59.967,45.833,45.455,233,48,280,sample2_gene2_2:30000000-30500000__,233,48.497854077253216
sample3_gene3_3:45000000-45500000__,0,AAACAAGCCACAGGAGGTCTTT,TCCTAGGTTCCTGTGATTCTCC,22,22,60.358000000000004,58.623999999999995,45.455,50.0,210,99,308,sample3_gene3_3:45000000-45500000__,210,43.333333333333336
